Component: ARM Compiler 5.06 update 3 (build 300) Tool: armlink [4d35c9]

==============================================================================

Section Cross References

    main.o(i.main) refers to ut_main.o(i.runAllTest) for runAllTest
    ut_main.o(i.runAllTest) refers to _printf_percent.o(.ARM.Collect$$_printf_percent$$00000000) for _printf_percent
    ut_main.o(i.runAllTest) refers to _printf_d.o(.ARM.Collect$$_printf_percent$$00000009) for _printf_d
    ut_main.o(i.runAllTest) refers to _printf_dec.o(.text) for _printf_int_dec
    ut_main.o(i.runAllTest) refers to unity.o(i.UnityBegin) for UnityBegin
    ut_main.o(i.runAllTest) refers to noretval__2printf.o(.text) for __2printf
    ut_main.o(i.runAllTest) refers to unity.o(i.UnityTestRunWithAddressArgument) for UnityTestRunWithAddressArgument
    ut_main.o(i.runAllTest) refers to unity.o(i.UnityEnd) for UnityEnd
    ut_main.o(i.runAllTest) refers to ut_main.o(.data) for stm32f4Port
    ut_main.o(i.runAllTest) refers to ut_gpio_driver.o(.data) for f
    unity.o(i.UnityAddMsgIfSpecified) refers to unity.o(i.UnityPrint) for UnityPrint
    unity.o(i.UnityAddMsgIfSpecified) refers to unity.o(.constdata) for UnityStrSpacer
    unity.o(i.UnityAddMsgIfSpecified) refers to unity.o(.bss) for Unity
    unity.o(i.UnityAssertBits) refers to unity.o(i.UnityTestResultsFailBegin) for UnityTestResultsFailBegin
    unity.o(i.UnityAssertBits) refers to unity.o(i.UnityPrint) for UnityPrint
    unity.o(i.UnityAssertBits) refers to unity.o(i.UnityPrintMask) for UnityPrintMask
    unity.o(i.UnityAssertBits) refers to unity.o(i.UnityAddMsgIfSpecified) for UnityAddMsgIfSpecified
    unity.o(i.UnityAssertBits) refers to setjmp.o(.text) for longjmp
    unity.o(i.UnityAssertBits) refers to unity.o(.bss) for Unity
    unity.o(i.UnityAssertBits) refers to unity.o(.constdata) for UnityStrExpected
    unity.o(i.UnityAssertEqualFloatArray) refers to unity.o(i.UnityTestResultsFailBegin) for UnityTestResultsFailBegin
    unity.o(i.UnityAssertEqualFloatArray) refers to unity.o(i.UnityPrint) for UnityPrint
    unity.o(i.UnityAssertEqualFloatArray) refers to unity.o(i.UnityAddMsgIfSpecified) for UnityAddMsgIfSpecified
    unity.o(i.UnityAssertEqualFloatArray) refers to setjmp.o(.text) for longjmp
    unity.o(i.UnityAssertEqualFloatArray) refers to unity.o(i.UnityIsOneArrayNull) for UnityIsOneArrayNull
    unity.o(i.UnityAssertEqualFloatArray) refers to unity.o(i.UnityFloatsWithin) for UnityFloatsWithin
    unity.o(i.UnityAssertEqualFloatArray) refers to unity.o(i.UnityPrintNumberUnsigned) for UnityPrintNumberUnsigned
    unity.o(i.UnityAssertEqualFloatArray) refers to unity.o(i.UnityPrintFloat) for UnityPrintFloat
    unity.o(i.UnityAssertEqualFloatArray) refers to unity.o(.bss) for Unity
    unity.o(i.UnityAssertEqualFloatArray) refers to unity.o(.constdata) for UnityStrPointless
    unity.o(i.UnityAssertEqualIntArray) refers to unity.o(i.UnityTestResultsFailBegin) for UnityTestResultsFailBegin
    unity.o(i.UnityAssertEqualIntArray) refers to unity.o(i.UnityPrint) for UnityPrint
    unity.o(i.UnityAssertEqualIntArray) refers to unity.o(i.UnityAddMsgIfSpecified) for UnityAddMsgIfSpecified
    unity.o(i.UnityAssertEqualIntArray) refers to setjmp.o(.text) for longjmp
    unity.o(i.UnityAssertEqualIntArray) refers to unity.o(i.UnityIsOneArrayNull) for UnityIsOneArrayNull
    unity.o(i.UnityAssertEqualIntArray) refers to unity.o(i.UnityPrintNumberUnsigned) for UnityPrintNumberUnsigned
    unity.o(i.UnityAssertEqualIntArray) refers to unity.o(i.UnityPrintNumberByStyle) for UnityPrintNumberByStyle
    unity.o(i.UnityAssertEqualIntArray) refers to unity.o(.bss) for Unity
    unity.o(i.UnityAssertEqualIntArray) refers to unity.o(.constdata) for UnityStrPointless
    unity.o(i.UnityAssertEqualMemory) refers to unity.o(i.UnityTestResultsFailBegin) for UnityTestResultsFailBegin
    unity.o(i.UnityAssertEqualMemory) refers to unity.o(i.UnityPrint) for UnityPrint
    unity.o(i.UnityAssertEqualMemory) refers to unity.o(i.UnityAddMsgIfSpecified) for UnityAddMsgIfSpecified
    unity.o(i.UnityAssertEqualMemory) refers to setjmp.o(.text) for longjmp
    unity.o(i.UnityAssertEqualMemory) refers to unity.o(i.UnityIsOneArrayNull) for UnityIsOneArrayNull
    unity.o(i.UnityAssertEqualMemory) refers to unity.o(i.UnityPrintNumberUnsigned) for UnityPrintNumberUnsigned
    unity.o(i.UnityAssertEqualMemory) refers to unity.o(i.UnityPrintNumberByStyle) for UnityPrintNumberByStyle
    unity.o(i.UnityAssertEqualMemory) refers to unity.o(.bss) for Unity
    unity.o(i.UnityAssertEqualMemory) refers to unity.o(.constdata) for UnityStrPointless
    unity.o(i.UnityAssertEqualNumber) refers to unity.o(i.UnityTestResultsFailBegin) for UnityTestResultsFailBegin
    unity.o(i.UnityAssertEqualNumber) refers to unity.o(i.UnityPrint) for UnityPrint
    unity.o(i.UnityAssertEqualNumber) refers to unity.o(i.UnityPrintNumberByStyle) for UnityPrintNumberByStyle
[...]
    Removing unity.o(i.UnityAssertFloatSpecial), (308 bytes).
    Removing unity.o(i.UnityAssertFloatsWithin), (132 bytes).
    Removing unity.o(i.UnityAssertGreaterOrLessOrEqualNumber), (240 bytes).
    Removing unity.o(i.UnityAssertNumbersWithin), (216 bytes).
    Removing unity.o(i.UnityDefaultTestRun), (68 bytes).
    Removing unity.o(i.UnityFail), (152 bytes).
    Removing unity.o(i.UnityFloatToPtr), (12 bytes).
    Removing unity.o(i.UnityFloatsWithin), (184 bytes).
    Removing unity.o(i.UnityIgnore), (88 bytes).
    Removing unity.o(i.UnityIsOneArrayNull), (84 bytes).
    Removing unity.o(i.UnityNumToPtr), (44 bytes).
    Removing unity.o(i.UnityPrintExpectedAndActualStrings), (100 bytes).
    Removing unity.o(i.UnityPrintExpectedAndActualStringsLen), (108 bytes).
    Removing unity.o(i.UnityPrintFloat), (544 bytes).
    Removing unity.o(i.UnityPrintLen), (128 bytes).
    Removing unity.o(i.UnityPrintMask), (72 bytes).
    Removing unity.o(i.__ARM_isinff), (20 bytes).
    Removing unity.o(i.__ARM_isnanf), (14 bytes).
    Removing unity.o(.data), (4 bytes).
    Removing ut_gpio_driver.o(.rev16_text), (4 bytes).
    Removing ut_gpio_driver.o(.revsh_text), (4 bytes).
    Removing ut_gpio_driver.o(.rrx_text), (6 bytes).
    Removing ut_gpio_driver.o(i.test), (22 bytes).
    Removing ut_gpio_driver.o(i.ut_GPIOInitAF_0), (26 bytes).
    Removing ut_gpio_driver.o(i.ut_GPIOInitAF_12), (28 bytes).
    Removing ut_gpio_driver.o(i.ut_GPIOInitAF_13), (28 bytes).
    Removing ut_gpio_driver.o(i.ut_GPIOInitAF_14), (28 bytes).
    Removing ut_gpio_driver.o(i.ut_GPIOInitAF_15), (30 bytes).
    Removing retarget_io.o(i.ITM_ReceiveChar), (36 bytes).
    Removing retarget_io.o(i._sys_read), (76 bytes).
    Removing retarget_io.o(i.stdin_getchar), (16 bytes).
    Removing retarget_io.o(.data), (4 bytes).
    Removing system_stm32f4xx.o(.rev16_text), (4 bytes).
    Removing system_stm32f4xx.o(.revsh_text), (4 bytes).
    Removing system_stm32f4xx.o(.rrx_text), (6 bytes).
    Removing system_stm32f4xx.o(i.SystemCoreClockUpdate), (192 bytes).
    Removing system_stm32f4xx.o(.constdata), (16 bytes).
    Removing system_stm32f4xx.o(.data), (4 bytes).

59 unused section(s) (total 4764 bytes) removed from the image.

==============================================================================

Image Symbol Table

    Local Symbols

    Symbol Name                              Value     Ov Type        Size  Object(Section)

    ../clib/angel/boardlib.s                 0x00000000   Number         0  boardshut.o ABSOLUTE
    ../clib/angel/boardlib.s                 0x00000000   Number         0  boardinit3.o ABSOLUTE
    ../clib/angel/boardlib.s                 0x00000000   Number         0  boardinit2.o ABSOLUTE
    ../clib/angel/boardlib.s                 0x00000000   Number         0  boardinit1.o ABSOLUTE
    ../clib/angel/handlers.s                 0x00000000   Number         0  __scatter_copy.o ABSOLUTE
    ../clib/angel/handlers.s                 0x00000000   Number         0  __scatter_zi.o ABSOLUTE
    ../clib/angel/kernel.s                   0x00000000   Number         0  rtexit2.o ABSOLUTE
    ../clib/angel/kernel.s                   0x00000000   Number         0  __rtentry.o ABSOLUTE
    ../clib/angel/kernel.s                   0x00000000   Number         0  __rtentry2.o ABSOLUTE
    ../clib/angel/kernel.s                   0x00000000   Number         0  __rtentry4.o ABSOLUTE
    ../clib/angel/kernel.s                   0x00000000   Number         0  rtexit.o ABSOLUTE
    ../clib/angel/rt.s                       0x00000000   Number         0  rt_raise.o ABSOLUTE
    ../clib/angel/rt.s                       0x00000000   Number         0  rt_heap_descriptor.o ABSOLUTE
    ../clib/angel/rt.s                       0x00000000   Number         0  rt_errno_addr_intlibspace.o ABSOLUTE
    ../clib/angel/rt.s                       0x00000000   Number         0  rt_errno_addr.o ABSOLUTE
    ../clib/angel/rt.s                       0x00000000   Number         0  rt_heap_descriptor_intlibspace.o ABSOLUTE
    ../clib/angel/scatter.s                  0x00000000   Number         0  __scatter.o ABSOLUTE
    ../clib/angel/startup.s                  0x00000000   Number         0  __main.o ABSOLUTE
    ../clib/angel/sys.s                      0x00000000   Number         0  indicate_semi.o ABSOLUTE
    ../clib/angel/sys.s                      0x00000000   Number         0  sys_stackheap_outer.o ABSOLUTE
    ../clib/angel/sys.s                      0x00000000   Number         0  libspace.o ABSOLUTE
    ../clib/angel/sys.s                      0x00000000   Number         0  mutex_dummy.o ABSOLUTE
    ../clib/angel/sys.s                      0x00000000   Number         0  use_no_semi.o ABSOLUTE
    ../clib/angel/sysapp.c                   0x00000000   Number         0  sys_command.o ABSOLUTE
    ../clib/angel/sysapp.c                   0x00000000   Number         0  sys_wrch.o ABSOLUTE
    ../clib/angel/sysapp.c                   0x00000000   Number         0  sys_exit.o ABSOLUTE
    ../clib/armsys.c                         0x00000000   Number         0  _get_argv.o ABSOLUTE
    ../clib/armsys.c                         0x00000000   Number         0  argv_veneer.o ABSOLUTE
    ../clib/armsys.c                         0x00000000   Number         0  no_argv.o ABSOLUTE
    ../clib/armsys.c                         0x00000000   Number         0  argv_veneer.o ABSOLUTE
    ../clib/armsys.c                         0x00000000   Number         0  _get_argv_nomalloc.o ABSOLUTE
    ../clib/assert.c                         0x00000000   Number         0  assert_stdio.o ABSOLUTE
    ../clib/heap1.c                          0x00000000   Number         0  h1_final_mt.o ABSOLUTE
    ../clib/heap1.c                          0x00000000   Number         0  h1_init.o ABSOLUTE
    ../clib/heap1.c                          0x00000000   Number         0  h1_free_mt.o ABSOLUTE
    ../clib/heap1.c                          0x00000000   Number         0  h1_final.o ABSOLUTE
    ../clib/heap1.c                          0x00000000   Number         0  h1_free.o ABSOLUTE
    ../clib/heap1.c                          0x00000000   Number         0  h1_extend.o ABSOLUTE
    ../clib/heap1.c                          0x00000000   Number         0  h1_extend_mt.o ABSOLUTE
    ../clib/heap1.c                          0x00000000   Number         0  h1_init_mt.o ABSOLUTE
    ../clib/heap1.c                          0x00000000   Number         0  h1_alloc_mt.o ABSOLUTE
    ../clib/heap1.c                          0x00000000   Number         0  h1_alloc.o ABSOLUTE
    ../clib/heap2.c                          0x00000000   Number         0  fdtree.o ABSOLUTE
    ../clib/heap2.c                          0x00000000   Number         0  heap2mt.o ABSOLUTE
    ../clib/heap2.c                          0x00000000   Number         0  heap2.o ABSOLUTE
    ../clib/heapalloc.c                      0x00000000   Number         0  term_alloc.o ABSOLUTE
    ../clib/heapalloc.c                      0x00000000   Number         0  hrguard.o ABSOLUTE
    ../clib/heapalloc.c                      0x00000000   Number         0  heapstubs.o ABSOLUTE
    ../clib/heapalloc.c                      0x00000000   Number         0  malloc.o ABSOLUTE
    ../clib/heapalloc.c                      0x00000000   Number         0  init_alloc.o ABSOLUTE
    ../clib/heapalloc.c                      0x00000000   Number         0  hguard.o ABSOLUTE
    ../clib/heapalloc.c                      0x00000000   Number         0  maybetermalloc2.o ABSOLUTE
    ../clib/heapalloc.c                      0x00000000   Number         0  maybetermalloc2.o ABSOLUTE
    ../clib/heapalloc.c                      0x00000000   Number         0  maybetermalloc1.o ABSOLUTE
    ../clib/heapalloc.c                      0x00000000   Number         0  maybetermalloc1.o ABSOLUTE
    ../clib/heapalloc.c                      0x00000000   Number         0  free.o ABSOLUTE
    ../clib/heapaux.c                        0x00000000   Number         0  heapauxa.o ABSOLUTE
    ../clib/heapaux.c                        0x00000000   Number         0  heapauxi.o ABSOLUTE
    ../clib/libinit.s                        0x00000000   Number         0  libinit.o ABSOLUTE
    ../clib/libinit.s                        0x00000000   Number         0  libinit2.o ABSOLUTE
    ../clib/libinit.s                        0x00000000   Number         0  libshutdown2.o ABSOLUTE
    ../clib/libinit.s                        0x00000000   Number         0  libshutdown.o ABSOLUTE
    ../clib/memcpset.s                       0x00000000   Number         0  rt_memcpy_v6.o ABSOLUTE
    ../clib/memcpset.s                       0x00000000   Number         0  strcmpv7m.o ABSOLUTE
    ../clib/memcpset.s                       0x00000000   Number         0  rt_memclr_w.o ABSOLUTE
    ../clib/memcpset.s                       0x00000000   Number         0  rt_memcpy_w.o ABSOLUTE
    ../clib/printf.c                         0x00000000   Number         0  noretval__2printf.o ABSOLUTE
    ../clib/printf.c                         0x00000000   Number         0  __printf_ss_wp.o ABSOLUTE
    ../clib/printf.c                         0x00000000   Number         0  __printf_flags_ss_wp.o ABSOLUTE
    ../clib/printf.c                         0x00000000   Number         0  __2printf.o ABSOLUTE
    ../clib/printf.c                         0x00000000   Number         0  __printf_flags_wp.o ABSOLUTE
    ../clib/printf.c                         0x00000000   Number         0  _printf_char_file.o ABSOLUTE
    ../clib/printf.c                         0x00000000   Number         0  _printf_intcommon.o ABSOLUTE
    ../clib/printf.c                         0x00000000   Number         0  __printf_flags.o ABSOLUTE
    ../clib/printf.c                         0x00000000   Number         0  _printf_char_common.o ABSOLUTE
    ../clib/printf.c                         0x00000000   Number         0  __printf_wp.o ABSOLUTE
    ../clib/printf.c                         0x00000000   Number         0  __printf.o ABSOLUTE
    ../clib/printf.c                         0x00000000   Number         0  __printf_flags_ss.o ABSOLUTE
    ../clib/printf.c                         0x00000000   Number         0  _printf_dec.o ABSOLUTE
    ../clib/printf.c                         0x00000000   Number         0  __printf_ss.o ABSOLUTE
    ../clib/printf.c                         0x00000000   Number         0  _printf_char_file_locked.o ABSOLUTE
    ../clib/printf.c                         0x00000000   Number         0  __printf_nopercent.o ABSOLUTE
    ../clib/printf_percent.s                 0x00000000   Number         0  _printf_percent_end.o ABSOLUTE
    ../clib/printf_percent.s                 0x00000000   Number         0  _printf_percent.o ABSOLUTE
    ../clib/printf_percent.s                 0x00000000   Number         0  _printf_d.o ABSOLUTE
    ../clib/signal.c                         0x00000000   Number         0  defsig_rtred_formal.o ABSOLUTE
    ../clib/signal.c                         0x00000000   Number         0  defsig_exit.o ABSOLUTE
    ../clib/signal.c                         0x00000000   Number         0  defsig_rtred_inner.o ABSOLUTE
    ../clib/signal.c                         0x00000000   Number         0  defsig_stak_inner.o ABSOLUTE
    ../clib/signal.c                         0x00000000   Number         0  defsig_rtmem_inner.o ABSOLUTE
    ../clib/signal.c                         0x00000000   Number         0  defsig_rtmem_formal.o ABSOLUTE
    ../clib/signal.c                         0x00000000   Number         0  defsig_general.o ABSOLUTE
    ../clib/signal.c                         0x00000000   Number         0  defsig_abrt_inner.o ABSOLUTE
    ../clib/signal.c                         0x00000000   Number         0  defsig_fpe_inner.o ABSOLUTE
    ../clib/signal.c                         0x00000000   Number         0  defsig_pvfn_inner.o ABSOLUTE
    ../clib/signal.c                         0x00000000   Number         0  __raise.o ABSOLUTE
    ../clib/signal.c                         0x00000000   Number         0  defsig_segv_inner.o ABSOLUTE
    ../clib/signal.c                         0x00000000   Number         0  defsig_other.o ABSOLUTE
    ../clib/signal.c                         0x00000000   Number         0  defsig_rtmem_outer.o ABSOLUTE
    ../clib/signal.c                         0x00000000   Number         0  defsig_rtred_outer.o ABSOLUTE
    ../clib/signal.c                         0x00000000   Number         0  defsig_cppl_inner.o ABSOLUTE
    ../clib/signal.s                         0x00000000   Number         0  defsig.o ABSOLUTE
    ../clib/stdio.c                          0x00000000   Number         0  fwritefast_locked.o ABSOLUTE
    ../clib/stdio.c                          0x00000000   Number         0  stdio.o ABSOLUTE
    ../clib/stdio.c                          0x00000000   Number         0  initio_locked.o ABSOLUTE
    ../clib/stdio.c                          0x00000000   Number         0  fputc_locked.o ABSOLUTE
    ../clib/stdio.c                          0x00000000   Number         0  initio.o ABSOLUTE
    ../clib/stdio.c                          0x00000000   Number         0  fputs_locked.o ABSOLUTE
    ../clib/stdio.c                          0x00000000   Number         0  fputc.o ABSOLUTE
    ../clib/stdio.c                          0x00000000   Number         0  fflush.o ABSOLUTE
    ../clib/stdio.c                          0x00000000   Number         0  ferror.o ABSOLUTE
    ../clib/stdio.c                          0x00000000   Number         0  fopen_locked.o ABSOLUTE
    ../clib/stdio.c                          0x00000000   Number         0  setvbuf_locked.o ABSOLUTE
    ../clib/stdio.c                          0x00000000   Number         0  ferror_locked.o ABSOLUTE
    ../clib/stdio.c                          0x00000000   Number         0  flsbuf.o ABSOLUTE
    ../clib/stdio.c                          0x00000000   Number         0  fclose.o ABSOLUTE
    ../clib/stdio.c                          0x00000000   Number         0  fputs.o ABSOLUTE
    ../clib/stdio.c                          0x00000000   Number         0  fwritefast.o ABSOLUTE
    ../clib/stdio.c                          0x00000000   Number         0  stdio_streams.o ABSOLUTE
    ../clib/stdio.c                          0x00000000   Number         0  fopen.o ABSOLUTE
    ../clib/stdio.c                          0x00000000   Number         0  streamlock.o ABSOLUTE
    ../clib/stdio.c                          0x00000000   Number         0  fseek.o ABSOLUTE
    ../clib/stdio.c                          0x00000000   Number         0  putc.o ABSOLUTE
    ../clib/stdio.c                          0x00000000   Number         0  setvbuf.o ABSOLUTE
    ../clib/stdio.c                          0x00000000   Number         0  ftell.o ABSOLUTE
    ../clib/stdio.c                          0x00000000   Number         0  fflush_locked.o ABSOLUTE
    ../clib/stdlib.c                         0x00000000   Number         0  exit.o ABSOLUTE
    ../clib/wchar.c                          0x00000000   Number         0  flsbuf_fwide.o ABSOLUTE
    ../fplib/fpinit.s                        0x00000000   Number         0  fpinit.o ABSOLUTE
    ../fplib/setjmp.s                        0x00000000   Number         0  setjmp.o ABSOLUTE
    C:\Keil_v5\ARM\PACK\Keil\ARM_Compiler\1.1.1\Source\retarget_io.c 0x00000000   Number         0  retarget_io.o ABSOLUTE
    RTE\Device\STM32F407VGTx\startup_stm32f407xx.s 0x00000000   Number         0  startup_stm32f407xx.o ABSOLUTE
    RTE\Device\STM32F407VGTx\system_stm32f4xx.c 0x00000000   Number         0  system_stm32f4xx.o ABSOLUTE
    RTE\\Device\\STM32F407VGTx\\system_stm32f4xx.c 0x00000000   Number         0  system_stm32f4xx.o ABSOLUTE
    Src\GPIO_driver.c                        0x00000000   Number         0  gpio_driver.o ABSOLUTE
    Src\\GPIO_driver.c                       0x00000000   Number         0  gpio_driver.o ABSOLUTE
    Src\\main.c                              0x00000000   Number         0  main.o ABSOLUTE
    Src\main.c                               0x00000000   Number         0  main.o ABSOLUTE
    UnitTesting\\ut_GPIO_driver.c            0x00000000   Number         0  ut_gpio_driver.o ABSOLUTE
    UnitTesting\\ut_main.c                   0x00000000   Number         0  ut_main.o ABSOLUTE
    UnitTesting\unity\unity.c                0x00000000   Number         0  unity.o ABSOLUTE
    UnitTesting\ut_GPIO_driver.c             0x00000000   Number         0  ut_gpio_driver.o ABSOLUTE
    UnitTesting\ut_main.c                    0x00000000   Number         0  ut_main.o ABSOLUTE
    UnitTesting\utilities\ut_utilities.c     0x00000000   Number         0  ut_utilities.o ABSOLUTE
    dc.s                                     0x00000000   Number         0  dc.o ABSOLUTE
    RESET                                    0x08000000   Section      392  startup_stm32f407xx.o(RESET)
    !!!main                                  0x08000188   Section        8  __main.o(!!!main)
    !!!scatter                               0x08000190   Section       52  __scatter.o(!!!scatter)
    !!handler_copy                           0x080001c4   Section       26  __scatter_copy.o(!!handler_copy)
    !!handler_zi                             0x080001e0   Section       28  __scatter_zi.o(!!handler_zi)
    .ARM.Collect$$_printf_percent$$00000000  0x080001fc   Section        0  _printf_percent.o(.ARM.Collect$$_printf_percent$$00000000)
    .ARM.Collect$$_printf_percent$$00000009  0x080001fc   Section        6  _printf_d.o(.ARM.Collect$$_printf_percent$$00000009)
    .ARM.Collect$$_printf_percent$$00000017  0x08000202   Section        4  _printf_percent_end.o(.ARM.Collect$$_printf_percent$$00000017)
    .ARM.Collect$$libinit$$00000000          0x08000206   Section        2  libinit.o(.ARM.Collect$$libinit$$00000000)
    .ARM.Collect$$libinit$$00000001          0x08000208   Section        4  libinit2.o(.ARM.Collect$$libinit$$00000001)
    .ARM.Collect$$libinit$$00000004          0x0800020c   Section        0  libinit2.o(.ARM.Collect$$libinit$$00000004)
    .ARM.Collect$$libinit$$00000005          0x0800020c   Section        8  libinit2.o(.ARM.Collect$$libinit$$00000005)
    .ARM.Collect$$libinit$$0000000A          0x08000214   Section        0  libinit2.o(.ARM.Collect$$libinit$$0000000A)
    .ARM.Collect$$libinit$$0000000C          0x08000214   Section        0  libinit2.o(.ARM.Collect$$libinit$$0000000C)
    .ARM.Collect$$libinit$$0000000E          0x08000214   Section        0  libinit2.o(.ARM.Collect$$libinit$$0000000E)
    .ARM.Collect$$libinit$$00000011          0x08000214   Section        0  libinit2.o(.ARM.Collect$$libinit$$00000011)
    .ARM.Collect$$libinit$$00000013          0x08000214   Section        0  libinit2.o(.ARM.Collect$$libinit$$00000013)
    .ARM.Collect$$libinit$$00000015          0x08000214   Section        0  libinit2.o(.ARM.Collect$$libinit$$00000015)
    .ARM.Collect$$libinit$$00000017          0x08000214   Section        0  libinit2.o(.ARM.Collect$$libinit$$00000017)
    .ARM.Collect$$libinit$$00000019          0x08000214   Section        0  libinit2.o(.ARM.Collect$$libinit$$00000019)
    .ARM.Collect$$libinit$$0000001B          0x08000214   Section        0  libinit2.o(.ARM.Collect$$libinit$$0000001B)
    .ARM.Collect$$libinit$$0000001D          0x08000214   Section        0  libinit2.o(.ARM.Collect$$libinit$$0000001D)
    .ARM.Collect$$libinit$$0000001F          0x08000214   Section        0  libinit2.o(.ARM.Collect$$libinit$$0000001F)
    .ARM.Collect$$libinit$$00000021          0x08000214   Section        0  libinit2.o(.ARM.Collect$$libinit$$00000021)
    .ARM.Collect$$libinit$$00000023          0x08000214   Section        0  libinit2.o(.ARM.Collect$$libinit$$00000023)
    .ARM.Collect$$libinit$$00000024          0x08000214   Section        4  libinit2.o(.ARM.Collect$$libinit$$00000024)
    .ARM.Collect$$libinit$$00000025          0x08000218   Section        0  libinit2.o(.ARM.Collect$$libinit$$00000025)
    .ARM.Collect$$libinit$$0000002C          0x08000218   Section        0  libinit2.o(.ARM.Collect$$libinit$$0000002C)
    .ARM.Collect$$libinit$$0000002E          0x08000218   Section        0  libinit2.o(.ARM.Collect$$libinit$$0000002E)
    .ARM.Collect$$libinit$$00000030          0x08000218   Section        0  libinit2.o(.ARM.Collect$$libinit$$00000030)
    .ARM.Collect$$libinit$$00000032          0x08000218   Section        0  libinit2.o(.ARM.Collect$$libinit$$00000032)
    .ARM.Collect$$libinit$$00000033          0x08000218   Section        2  libinit2.o(.ARM.Collect$$libinit$$00000033)
    .ARM.Collect$$libshutdown$$00000000      0x0800021a   Section        2  libshutdown.o(.ARM.Collect$$libshutdown$$00000000)
    .ARM.Collect$$libshutdown$$00000002      0x0800021c   Section        0  libshutdown2.o(.ARM.Collect$$libshutdown$$00000002)
    .ARM.Collect$$libshutdown$$00000003      0x0800021c   Section        4  libshutdown2.o(.ARM.Collect$$libshutdown$$00000003)
    .ARM.Collect$$libshutdown$$00000004      0x08000220   Section        0  libshutdown2.o(.ARM.Collect$$libshutdown$$00000004)
    .ARM.Collect$$libshutdown$$00000007      0x08000220   Section        0  libshutdown2.o(.ARM.Collect$$libshutdown$$00000007)
    .ARM.Collect$$libshutdown$$0000000A      0x08000220   Section        0  libshutdown2.o(.ARM.Collect$$libshutdown$$0000000A)
    .ARM.Collect$$libshutdown$$0000000C      0x08000220   Section        0  libshutdown2.o(.ARM.Collect$$libshutdown$$0000000C)
    .ARM.Collect$$libshutdown$$0000000F      0x08000220   Section        0  libshutdown2.o(.ARM.Collect$$libshutdown$$0000000F)
    .ARM.Collect$$libshutdown$$00000010      0x08000220   Section        2  libshutdown2.o(.ARM.Collect$$libshutdown$$00000010)
    .ARM.Collect$$rtentry$$00000000          0x08000222   Section        0  __rtentry.o(.ARM.Collect$$rtentry$$00000000)
    .ARM.Collect$$rtentry$$00000002          0x08000222   Section        0  __rtentry2.o(.ARM.Collect$$rtentry$$00000002)
    .ARM.Collect$$rtentry$$00000004          0x08000222   Section        6  __rtentry4.o(.ARM.Collect$$rtentry$$00000004)
    .ARM.Collect$$rtentry$$00000009          0x08000228   Section        0  __rtentry2.o(.ARM.Collect$$rtentry$$00000009)
    .ARM.Collect$$rtentry$$0000000A          0x08000228   Section        4  __rtentry2.o(.ARM.Collect$$rtentry$$0000000A)
    .ARM.Collect$$rtentry$$0000000C          0x0800022c   Section        0  __rtentry2.o(.ARM.Collect$$rtentry$$0000000C)
    .ARM.Collect$$rtentry$$0000000D          0x0800022c   Section        8  __rtentry2.o(.ARM.Collect$$rtentry$$0000000D)
    .ARM.Collect$$rtexit$$00000000           0x08000234   Section        2  rtexit.o(.ARM.Collect$$rtexit$$00000000)
    .ARM.Collect$$rtexit$$00000002           0x08000236   Section        0  rtexit2.o(.ARM.Collect$$rtexit$$00000002)
    .ARM.Collect$$rtexit$$00000003           0x08000236   Section        4  rtexit2.o(.ARM.Collect$$rtexit$$00000003)
    .ARM.Collect$$rtexit$$00000004           0x0800023a   Section        6  rtexit2.o(.ARM.Collect$$rtexit$$00000004)
    .emb_text                                0x08000240   Section        0  maybetermalloc1.o(.emb_text)
    .text                                    0x08000240   Section       64  startup_stm32f407xx.o(.text)
    $v0                                      0x08000240   Number         0  startup_stm32f407xx.o(.text)
    .text                                    0x08000280   Section        0  noretval__2printf.o(.text)
    .text                                    0x08000298   Section        0  __printf.o(.text)
    .text                                    0x08000300   Section        0  _printf_dec.o(.text)
    .text                                    0x08000378   Section        0  putc.o(.text)
    .text                                    0x0800037c   Section      128  strcmpv7m.o(.text)
    .text                                    0x080003fc   Section        0  heapauxi.o(.text)
    .text                                    0x08000402   Section       98  setjmp.o(.text)
    $v0                                      0x08000402   Number         0  setjmp.o(.text)
    .text                                    0x08000464   Section        0  _printf_intcommon.o(.text)
    .text                                    0x08000518   Section        0  _printf_char_file.o(.text)
    .text                                    0x0800053c   Section        0  initio.o(.text)
    .text                                    0x08000674   Section        0  h1_free.o(.text)
    .text                                    0x080006c4   Section        0  _printf_char_common.o(.text)
    _printf_input_char                       0x080006c5   Thumb Code    10  _printf_char_common.o(.text)
    .text                                    0x080006f4   Section        0  ferror.o(.text)
    .text                                    0x080006fc   Section        0  flsbuf.o(.text)
    .text                                    0x080008d2   Section        0  setvbuf.o(.text)
    .text                                    0x08000918   Section        0  fopen.o(.text)
    _freopen_locked                          0x08000919   Thumb Code     0  fopen.o(.text)
    .text                                    0x08000a04   Section        0  fclose.o(.text)
    .text                                    0x08000a50   Section        0  defsig_rtred_outer.o(.text)
    .text                                    0x08000a5e   Section       78  rt_memclr_w.o(.text)
    .text                                    0x08000aac   Section       74  sys_stackheap_outer.o(.text)
    .text                                    0x08000af8   Section        8  rt_heap_descriptor_intlibspace.o(.text)
    .text                                    0x08000b00   Section        0  hguard.o(.text)
    .text                                    0x08000b04   Section        0  init_alloc.o(.text)
    .text                                    0x08000b8e   Section        0  h1_alloc.o(.text)
    .text                                    0x08000bec   Section        0  fseek.o(.text)
    .text                                    0x08000ce4   Section        0  stdio.o(.text)
    .text                                    0x08000dd4   Section        0  exit.o(.text)
    .text                                    0x08000de6   Section        0  defsig_exit.o(.text)
    .text                                    0x08000df0   Section        0  defsig_rtred_inner.o(.text)
    .text                                    0x08000e24   Section        0  sys_exit.o(.text)
    .text                                    0x08000e30   Section        8  libspace.o(.text)
    .text                                    0x08000e38   Section        0  h1_init.o(.text)
    .text                                    0x08000e46   Section        0  h1_extend.o(.text)
    .text                                    0x08000e7a   Section        0  ftell.o(.text)
    .text                                    0x08000ebc   Section        0  defsig_general.o(.text)
    .text                                    0x08000eee   Section        0  defsig_rtmem_outer.o(.text)
    .text                                    0x08000efc   Section        0  sys_wrch.o(.text)
    .text                                    0x08000f0a   Section        2  use_no_semi.o(.text)
    .text                                    0x08000f0c   Section        8  rt_errno_addr_intlibspace.o(.text)
    .text                                    0x08000f0c   Section        0  indicate_semi.o(.text)
    .text                                    0x08000f14   Section        0  defsig_rtmem_inner.o(.text)
    i.GPIOInit                               0x08000f64   Section        0  gpio_driver.o(i.GPIOInit)
    i.ITM_SendChar                           0x080010b4   Section        0  retarget_io.o(i.ITM_SendChar)
    i.SystemInit                             0x080010e4   Section        0  system_stm32f4xx.o(i.SystemInit)
    i.UnityAddMsgIfSpecified                 0x08001148   Section        0  unity.o(i.UnityAddMsgIfSpecified)
    UnityAddMsgIfSpecified                   0x08001149   Thumb Code    66  unity.o(i.UnityAddMsgIfSpecified)
    i.UnityAssertEqualNumber                 0x0800119c   Section        0  unity.o(i.UnityAssertEqualNumber)
    i.UnityBegin                             0x08001208   Section        0  unity.o(i.UnityBegin)
    i.UnityConcludeTest                      0x08001228   Section        0  unity.o(i.UnityConcludeTest)
    i.UnityEnd                               0x0800127c   Section        0  unity.o(i.UnityEnd)
    i.UnityPrint                             0x08001308   Section        0  unity.o(i.UnityPrint)
    i.UnityPrintNumber                       0x08001380   Section        0  unity.o(i.UnityPrintNumber)
    i.UnityPrintNumberByStyle                0x080013a0   Section        0  unity.o(i.UnityPrintNumberByStyle)
    i.UnityPrintNumberHex                    0x080013e8   Section        0  unity.o(i.UnityPrintNumberHex)
    i.UnityPrintNumberUnsigned               0x08001434   Section        0  unity.o(i.UnityPrintNumberUnsigned)
    i.UnityTestResultsBegin                  0x08001478   Section        0  unity.o(i.UnityTestResultsBegin)
    UnityTestResultsBegin                    0x08001479   Thumb Code    52  unity.o(i.UnityTestResultsBegin)
    i.UnityTestResultsFailBegin              0x080014b4   Section        0  unity.o(i.UnityTestResultsFailBegin)
    UnityTestResultsFailBegin                0x080014b5   Thumb Code    30  unity.o(i.UnityTestResultsFailBegin)
    i.UnityTestRunWithAddressArgument        0x080014e0   Section        0  unity.o(i.UnityTestRunWithAddressArgument)
    i._sys_close                             0x0800152c   Section        0  retarget_io.o(i._sys_close)
    i._sys_flen                              0x08001552   Section        0  retarget_io.o(i._sys_flen)
    i._sys_istty                             0x08001576   Section        0  retarget_io.o(i._sys_istty)
    i._sys_open                              0x0800159c   Section        0  retarget_io.o(i._sys_open)
    i._sys_seek                              0x08001604   Section        0  retarget_io.o(i._sys_seek)
    i._sys_write                             0x08001630   Section        0  retarget_io.o(i._sys_write)
    i.fputc                                  0x08001688   Section        0  fputc.o(i.fputc)
    i.main                                   0x080016a2   Section        0  main.o(i.main)
    i.readRegister                           0x080016aa   Section        0  ut_utilities.o(i.readRegister)
    i.runAllTest                             0x080016b0   Section        0  ut_main.o(i.runAllTest)
    i.setUp                                  0x08001738   Section        0  ut_main.o(i.setUp)
    i.stderr_putchar                         0x0800173a   Section        0  retarget_io.o(i.stderr_putchar)
    stderr_putchar                           0x0800173b   Thumb Code    12  retarget_io.o(i.stderr_putchar)
    i.stdout_putchar                         0x08001746   Section        0  retarget_io.o(i.stdout_putchar)
    stdout_putchar                           0x08001747   Thumb Code    12  retarget_io.o(i.stdout_putchar)
    i.tc_GPIOInit                            0x08001754   Section        0  ut_gpio_driver.o(i.tc_GPIOInit)
    i.tearDown                               0x0800186c   Section        0  ut_main.o(i.tearDown)
    i.ut_GPIOInitAF_1                        0x0800186e   Section        0  ut_gpio_driver.o(i.ut_GPIOInitAF_1)
    i.ut_GPIOInitAF_10                       0x08001888   Section        0  ut_gpio_driver.o(i.ut_GPIOInitAF_10)
    i.ut_GPIOInitAF_11                       0x080018a4   Section        0  ut_gpio_driver.o(i.ut_GPIOInitAF_11)
    i.ut_GPIOInitAF_2                        0x080018c2   Section        0  ut_gpio_driver.o(i.ut_GPIOInitAF_2)
    i.ut_GPIOInitAF_3                        0x080018dc   Section        0  ut_gpio_driver.o(i.ut_GPIOInitAF_3)
    i.ut_GPIOInitAF_4                        0x080018f8   Section        0  ut_gpio_driver.o(i.ut_GPIOInitAF_4)
    i.ut_GPIOInitAF_5                        0x08001916   Section        0  ut_gpio_driver.o(i.ut_GPIOInitAF_5)
    i.ut_GPIOInitAF_6                        0x08001934   Section        0  ut_gpio_driver.o(i.ut_GPIOInitAF_6)
    i.ut_GPIOInitAF_7                        0x08001950   Section        0  ut_gpio_driver.o(i.ut_GPIOInitAF_7)
    i.ut_GPIOInitAF_8                        0x0800196e   Section        0  ut_gpio_driver.o(i.ut_GPIOInitAF_8)
    i.ut_GPIOInitAF_9                        0x0800198c   Section        0  ut_gpio_driver.o(i.ut_GPIOInitAF_9)
    i.ut_GPIOInitNoAF_0                      0x080019aa   Section        0  ut_gpio_driver.o(i.ut_GPIOInitNoAF_0)
    i.ut_GPIOInitNoAF_1                      0x080019c4   Section        0  ut_gpio_driver.o(i.ut_GPIOInitNoAF_1)
    i.ut_GPIOInitNoAF_2                      0x080019de   Section        0  ut_gpio_driver.o(i.ut_GPIOInitNoAF_2)
    i.ut_GPIOInitNoAF_3                      0x080019f8   Section        0  ut_gpio_driver.o(i.ut_GPIOInitNoAF_3)
    x$fpl$fpinit                             0x08001a14   Section       10  fpinit.o(x$fpl$fpinit)
    $v0                                      0x08001a14   Number         0  fpinit.o(x$fpl$fpinit)
    .constdata                               0x08001a20   Section      520  unity.o(.constdata)
    UnityStrOk                               0x08001a20   Data           3  unity.o(.constdata)
    UnityStrPass                             0x08001a23   Data           5  unity.o(.constdata)
    UnityStrFail                             0x08001a28   Data           5  unity.o(.constdata)
    UnityStrIgnore                           0x08001a2d   Data           7  unity.o(.constdata)
    UnityStrNull                             0x08001a34   Data           5  unity.o(.constdata)
    UnityStrSpacer                           0x08001a39   Data           3  unity.o(.constdata)
    UnityStrExpected                         0x08001a3c   Data          11  unity.o(.constdata)
    UnityStrWas                              0x08001a47   Data           6  unity.o(.constdata)
    UnityStrGt                               0x08001a4d   Data          21  unity.o(.constdata)
    UnityStrLt                               0x08001a62   Data          18  unity.o(.constdata)
    UnityStrOrEqual                          0x08001a74   Data          13  unity.o(.constdata)
    UnityStrElement                          0x08001a81   Data          10  unity.o(.constdata)
    UnityStrByte                             0x08001a8b   Data           7  unity.o(.constdata)
    UnityStrMemory                           0x08001a92   Data          18  unity.o(.constdata)
    UnityStrDelta                            0x08001aa4   Data          26  unity.o(.constdata)
    UnityStrPointless                        0x08001abe   Data          55  unity.o(.constdata)
    UnityStrNullPointerForExpected           0x08001af5   Data          29  unity.o(.constdata)
    UnityStrNullPointerForActual             0x08001b12   Data          25  unity.o(.constdata)
    UnityStrNot                              0x08001b2b   Data           5  unity.o(.constdata)
    UnityStrInf                              0x08001b30   Data           9  unity.o(.constdata)
    UnityStrNegInf                           0x08001b39   Data          18  unity.o(.constdata)
    UnityStrNaN                              0x08001b4b   Data           4  unity.o(.constdata)
    UnityStrDet                              0x08001b4f   Data          12  unity.o(.constdata)
    UnityStrInvalidFloatTrait                0x08001b5b   Data          20  unity.o(.constdata)
    UnityStrBreaker                          0x08001bcb   Data          24  unity.o(.constdata)
    UnityStrResultsTests                     0x08001be3   Data           8  unity.o(.constdata)
    UnityStrResultsFailures                  0x08001beb   Data          11  unity.o(.constdata)
    UnityStrResultsIgnored                   0x08001bf6   Data          10  unity.o(.constdata)
    UnityStrDetail1Name                      0x08001c00   Data          10  unity.o(.constdata)
    UnityStrDetail2Name                      0x08001c0a   Data          11  unity.o(.constdata)
    .constdata                               0x08001c28   Section       23  retarget_io.o(.constdata)
    .data                                    0x20000000   Section       12  ut_main.o(.data)
    .data                                    0x2000000c   Section       61  ut_gpio_driver.o(.data)
    .data                                    0x2000004c   Section        4  stdio_streams.o(.data)
    .data                                    0x20000050   Section        4  stdio_streams.o(.data)
    .data                                    0x20000054   Section        4  stdio_streams.o(.data)
    .bss                                     0x20000058   Section      200  unity.o(.bss)
    .bss                                     0x20000120   Section       84  stdio_streams.o(.bss)
    .bss                                     0x20000174   Section       84  stdio_streams.o(.bss)
    .bss                                     0x200001c8   Section       84  stdio_streams.o(.bss)
    .bss                                     0x2000021c   Section       96  libspace.o(.bss)
    HEAP                                     0x20000280   Section      512  startup_stm32f407xx.o(HEAP)
    Heap_Mem                                 0x20000280   Data         512  startup_stm32f407xx.o(HEAP)
    STACK                                    0x20000480   Section     1024  startup_stm32f407xx.o(STACK)
    Stack_Mem                                0x20000480   Data        1024  startup_stm32f407xx.o(STACK)
    __initial_sp                             0x20000880   Data           0  startup_stm32f407xx.o(STACK)

    Global Symbols

    Symbol Name                              Value     Ov Type        Size  Object(Section)

    BuildAttributes$$THM_ISAv4$E$P$D$K$B$S$7EM$VFPi3$EXTD16$VFPS$VFMA$PE$A:L22UL41UL21$X:L11$S22US41US21$IEEE1$IW$USESV6$~STKCKD$USESV7$~SHL$OTIME$ROPI$EBA8$UX$STANDARDLIB$REQ8$PRES8$EABIv2 0x00000000   Number         0  anon$$obj.o ABSOLUTE
    __ARM_use_no_argv                        0x00000000   Number         0  main.o ABSOLUTE
    __ARM_exceptions_init                     - Undefined Weak Reference
    __alloca_initialize                       - Undefined Weak Reference
    __alloca_longjmp                          - Undefined Weak Reference
    __alloca_setjmp                           - Undefined Weak Reference
    __arm_preinit_                            - Undefined Weak Reference
    __cpp_initialize__aeabi_                  - Undefined Weak Reference
    __cxa_finalize                            - Undefined Weak Reference
    __rt_locale                               - Undefined Weak Reference
    __sigvec_lookup                           - Undefined Weak Reference
    __user_heap_extent                        - Undefined Weak Reference
    _atexit_init                              - Undefined Weak Reference
    _call_atexit_fns                          - Undefined Weak Reference
    _clock_init                               - Undefined Weak Reference
    _fp_trap_init                             - Undefined Weak Reference
    _fp_trap_shutdown                         - Undefined Weak Reference
    _get_lc_collate                           - Undefined Weak Reference
    _get_lc_ctype                             - Undefined Weak Reference
    _get_lc_monetary                          - Undefined Weak Reference
    _get_lc_numeric                           - Undefined Weak Reference
    _get_lc_time                              - Undefined Weak Reference
    _getenv_init                              - Undefined Weak Reference
    _handle_redirection                       - Undefined Weak Reference
    _mutex_acquire                            - Undefined Weak Reference
    _mutex_free                               - Undefined Weak Reference
    _mutex_release                            - Undefined Weak Reference
    _printf_post_padding                      - Undefined Weak Reference
    _printf_pre_padding                       - Undefined Weak Reference
    _printf_truncate_signed                   - Undefined Weak Reference
    _printf_truncate_unsigned                 - Undefined Weak Reference
    _rand_init                                - Undefined Weak Reference
    _signal_finish                            - Undefined Weak Reference
    _signal_init                              - Undefined Weak Reference
    __Vectors_Size                           0x00000188   Number         0  startup_stm32f407xx.o ABSOLUTE
    __Vectors                                0x08000000   Data           4  startup_stm32f407xx.o(RESET)
    __Vectors_End                            0x08000188   Data           0  startup_stm32f407xx.o(RESET)
    __main                                   0x08000189   Thumb Code     8  __main.o(!!!main)
    __scatterload                            0x08000191   Thumb Code     0  __scatter.o(!!!scatter)
    __scatterload_rt2                        0x08000191   Thumb Code    44  __scatter.o(!!!scatter)
    __scatterload_rt2_thumb_only             0x08000191   Thumb Code     0  __scatter.o(!!!scatter)
    __scatterload_null                       0x0800019f   Thumb Code     0  __scatter.o(!!!scatter)
    __scatterload_copy                       0x080001c5   Thumb Code    26  __scatter_copy.o(!!handler_copy)
    __scatterload_zeroinit                   0x080001e1   Thumb Code    28  __scatter_zi.o(!!handler_zi)
    _printf_d                                0x080001fd   Thumb Code     0  _printf_d.o(.ARM.Collect$$_printf_percent$$00000009)
    _printf_percent                          0x080001fd   Thumb Code     0  _printf_percent.o(.ARM.Collect$$_printf_percent$$00000000)
    _printf_percent_end                      0x08000203   Thumb Code     0  _printf_percent_end.o(.ARM.Collect$$_printf_percent$$00000017)
    __rt_lib_init                            0x08000207   Thumb Code     0  libinit.o(.ARM.Collect$$libinit$$00000000)
    __rt_lib_init_fp_1                       0x08000209   Thumb Code     0  libinit2.o(.ARM.Collect$$libinit$$00000001)
    __rt_lib_init_heap_2                     0x0800020d   Thumb Code     0  libinit2.o(.ARM.Collect$$libinit$$00000005)
    __rt_lib_init_preinit_1                  0x0800020d   Thumb Code     0  libinit2.o(.ARM.Collect$$libinit$$00000004)
    __rt_lib_init_atexit_1                   0x08000215   Thumb Code     0  libinit2.o(.ARM.Collect$$libinit$$0000001B)
    __rt_lib_init_clock_1                    0x08000215   Thumb Code     0  libinit2.o(.ARM.Collect$$libinit$$00000021)
    __rt_lib_init_fp_trap_1                  0x08000215   Thumb Code     0  libinit2.o(.ARM.Collect$$libinit$$0000001F)
    __rt_lib_init_getenv_1                   0x08000215   Thumb Code     0  libinit2.o(.ARM.Collect$$libinit$$00000023)
    __rt_lib_init_heap_1                     0x08000215   Thumb Code     0  libinit2.o(.ARM.Collect$$libinit$$0000000A)
    __rt_lib_init_lc_collate_1               0x08000215   Thumb Code     0  libinit2.o(.ARM.Collect$$libinit$$00000011)
    __rt_lib_init_lc_ctype_1                 0x08000215   Thumb Code     0  libinit2.o(.ARM.Collect$$libinit$$00000013)
    __rt_lib_init_lc_monetary_1              0x08000215   Thumb Code     0  libinit2.o(.ARM.Collect$$libinit$$00000015)
    __rt_lib_init_lc_numeric_1               0x08000215   Thumb Code     0  libinit2.o(.ARM.Collect$$libinit$$00000017)
    __rt_lib_init_lc_time_1                  0x08000215   Thumb Code     0  libinit2.o(.ARM.Collect$$libinit$$00000019)
    __rt_lib_init_rand_1                     0x08000215   Thumb Code     0  libinit2.o(.ARM.Collect$$libinit$$0000000E)
    __rt_lib_init_signal_1                   0x08000215   Thumb Code     0  libinit2.o(.ARM.Collect$$libinit$$0000001D)
    __rt_lib_init_stdio_2                    0x08000215   Thumb Code     0  libinit2.o(.ARM.Collect$$libinit$$00000024)
    __rt_lib_init_user_alloc_1               0x08000215   Thumb Code     0  libinit2.o(.ARM.Collect$$libinit$$0000000C)
    __rt_lib_init_alloca_1                   0x08000219   Thumb Code     0  libinit2.o(.ARM.Collect$$libinit$$0000002E)
    __rt_lib_init_argv_1                     0x08000219   Thumb Code     0  libinit2.o(.ARM.Collect$$libinit$$0000002C)
    __rt_lib_init_cpp_1                      0x08000219   Thumb Code     0  libinit2.o(.ARM.Collect$$libinit$$00000032)
    __rt_lib_init_exceptions_1               0x08000219   Thumb Code     0  libinit2.o(.ARM.Collect$$libinit$$00000030)
    __rt_lib_init_return                     0x08000219   Thumb Code     0  libinit2.o(.ARM.Collect$$libinit$$00000033)
    __rt_lib_init_stdio_1                    0x08000219   Thumb Code     0  libinit2.o(.ARM.Collect$$libinit$$00000025)
    __rt_lib_shutdown                        0x0800021b   Thumb Code     0  libshutdown.o(.ARM.Collect$$libshutdown$$00000000)
    __rt_lib_shutdown_cpp_1                  0x0800021d   Thumb Code     0  libshutdown2.o(.ARM.Collect$$libshutdown$$00000002)
    __rt_lib_shutdown_stdio_2                0x0800021d   Thumb Code     0  libshutdown2.o(.ARM.Collect$$libshutdown$$00000003)
    __rt_lib_shutdown_fp_trap_1              0x08000221   Thumb Code     0  libshutdown2.o(.ARM.Collect$$libshutdown$$00000007)
    __rt_lib_shutdown_heap_1                 0x08000221   Thumb Code     0  libshutdown2.o(.ARM.Collect$$libshutdown$$0000000F)
    __rt_lib_shutdown_return                 0x08000221   Thumb Code     0  libshutdown2.o(.ARM.Collect$$libshutdown$$00000010)
    __rt_lib_shutdown_signal_1               0x08000221   Thumb Code     0  libshutdown2.o(.ARM.Collect$$libshutdown$$0000000A)
    __rt_lib_shutdown_stdio_1                0x08000221   Thumb Code     0  libshutdown2.o(.ARM.Collect$$libshutdown$$00000004)
    __rt_lib_shutdown_user_alloc_1           0x08000221   Thumb Code     0  libshutdown2.o(.ARM.Collect$$libshutdown$$0000000C)
    __rt_entry                               0x08000223   Thumb Code     0  __rtentry.o(.ARM.Collect$$rtentry$$00000000)
    __rt_entry_presh_1                       0x08000223   Thumb Code     0  __rtentry2.o(.ARM.Collect$$rtentry$$00000002)
    __rt_entry_sh                            0x08000223   Thumb Code     0  __rtentry4.o(.ARM.Collect$$rtentry$$00000004)
    __rt_entry_li                            0x08000229   Thumb Code     0  __rtentry2.o(.ARM.Collect$$rtentry$$0000000A)
    __rt_entry_postsh_1                      0x08000229   Thumb Code     0  __rtentry2.o(.ARM.Collect$$rtentry$$00000009)
    __rt_entry_main                          0x0800022d   Thumb Code     0  __rtentry2.o(.ARM.Collect$$rtentry$$0000000D)
    __rt_entry_postli_1                      0x0800022d   Thumb Code     0  __rtentry2.o(.ARM.Collect$$rtentry$$0000000C)
    __rt_exit                                0x08000235   Thumb Code     0  rtexit.o(.ARM.Collect$$rtexit$$00000000)
    __rt_exit_ls                             0x08000237   Thumb Code     0  rtexit2.o(.ARM.Collect$$rtexit$$00000003)
    __rt_exit_prels_1                        0x08000237   Thumb Code     0  rtexit2.o(.ARM.Collect$$rtexit$$00000002)
    __rt_exit_exit                           0x0800023b   Thumb Code     0  rtexit2.o(.ARM.Collect$$rtexit$$00000004)
    Reset_Handler                            0x08000241   Thumb Code     8  startup_stm32f407xx.o(.text)
    _maybe_terminate_alloc                   0x08000241   Thumb Code     0  maybetermalloc1.o(.emb_text)
    NMI_Handler                              0x08000249   Thumb Code     2  startup_stm32f407xx.o(.text)
    HardFault_Handler                        0x0800024b   Thumb Code     2  startup_stm32f407xx.o(.text)
    MemManage_Handler                        0x0800024d   Thumb Code     2  startup_stm32f407xx.o(.text)
    BusFault_Handler                         0x0800024f   Thumb Code     2  startup_stm32f407xx.o(.text)
    UsageFault_Handler                       0x08000251   Thumb Code     2  startup_stm32f407xx.o(.text)
    SVC_Handler                              0x08000253   Thumb Code     2  startup_stm32f407xx.o(.text)
    DebugMon_Handler                         0x08000255   Thumb Code     2  startup_stm32f407xx.o(.text)
    PendSV_Handler                           0x08000257   Thumb Code     2  startup_stm32f407xx.o(.text)
    SysTick_Handler                          0x08000259   Thumb Code     2  startup_stm32f407xx.o(.text)
    ADC_IRQHandler                           0x0800025b   Thumb Code     0  startup_stm32f407xx.o(.text)
    CAN1_RX0_IRQHandler                      0x0800025b   Thumb Code     0  startup_stm32f407xx.o(.text)
    CAN1_RX1_IRQHandler                      0x0800025b   Thumb Code     0  startup_stm32f407xx.o(.text)
    CAN1_SCE_IRQHandler                      0x0800025b   Thumb Code     0  startup_stm32f407xx.o(.text)
    CAN1_TX_IRQHandler                       0x0800025b   Thumb Code     0  startup_stm32f407xx.o(.text)
    CAN2_RX0_IRQHandler                      0x0800025b   Thumb Code     0  startup_stm32f407xx.o(.text)
    CAN2_RX1_IRQHandler                      0x0800025b   Thumb Code     0  startup_stm32f407xx.o(.text)
    CAN2_SCE_IRQHandler                      0x0800025b   Thumb Code     0  startup_stm32f407xx.o(.text)
    CAN2_TX_IRQHandler                       0x0800025b   Thumb Code     0  startup_stm32f407xx.o(.text)
    DCMI_IRQHandler                          0x0800025b   Thumb Code     0  startup_stm32f407xx.o(.text)
    DMA1_Stream0_IRQHandler                  0x0800025b   Thumb Code     0  startup_stm32f407xx.o(.text)
    DMA1_Stream1_IRQHandler                  0x0800025b   Thumb Code     0  startup_stm32f407xx.o(.text)
    DMA1_Stream2_IRQHandler                  0x0800025b   Thumb Code     0  startup_stm32f407xx.o(.text)
    DMA1_Stream3_IRQHandler                  0x0800025b   Thumb Code     0  startup_stm32f407xx.o(.text)
    DMA1_Stream4_IRQHandler                  0x0800025b   Thumb Code     0  startup_stm32f407xx.o(.text)
    DMA1_Stream5_IRQHandler                  0x0800025b   Thumb Code     0  startup_stm32f407xx.o(.text)
    DMA1_Stream6_IRQHandler                  0x0800025b   Thumb Code     0  startup_stm32f407xx.o(.text)
    DMA1_Stream7_IRQHandler                  0x0800025b   Thumb Code     0  startup_stm32f407xx.o(.text)
    DMA2_Stream0_IRQHandler                  0x0800025b   Thumb Code     0  startup_stm32f407xx.o(.text)
    DMA2_Stream1_IRQHandler                  0x0800025b   Thumb Code     0  startup_stm32f407xx.o(.text)
    DMA2_Stream2_IRQHandler                  0x0800025b   Thumb Code     0  startup_stm32f407xx.o(.text)
    DMA2_Stream3_IRQHandler                  0x0800025b   Thumb Code     0  startup_stm32f407xx.o(.text)
    DMA2_Stream4_IRQHandler                  0x0800025b   Thumb Code     0  startup_stm32f407xx.o(.text)
    DMA2_Stream5_IRQHandler                  0x0800025b   Thumb Code     0  startup_stm32f407xx.o(.text)
    DMA2_Stream6_IRQHandler                  0x0800025b   Thumb Code     0  startup_stm32f407xx.o(.text)
    DMA2_Stream7_IRQHandler                  0x0800025b   Thumb Code     0  startup_stm32f407xx.o(.text)
    ETH_IRQHandler                           0x0800025b   Thumb Code     0  startup_stm32f407xx.o(.text)
    ETH_WKUP_IRQHandler                      0x0800025b   Thumb Code     0  startup_stm32f407xx.o(.text)
    EXTI0_IRQHandler                         0x0800025b   Thumb Code     0  startup_stm32f407xx.o(.text)
    EXTI15_10_IRQHandler                     0x0800025b   Thumb Code     0  startup_stm32f407xx.o(.text)
    EXTI1_IRQHandler                         0x0800025b   Thumb Code     0  startup_stm32f407xx.o(.text)
    EXTI2_IRQHandler                         0x0800025b   Thumb Code     0  startup_stm32f407xx.o(.text)
    EXTI3_IRQHandler                         0x0800025b   Thumb Code     0  startup_stm32f407xx.o(.text)
    EXTI4_IRQHandler                         0x0800025b   Thumb Code     0  startup_stm32f407xx.o(.text)
    EXTI9_5_IRQHandler                       0x0800025b   Thumb Code     0  startup_stm32f407xx.o(.text)
    FLASH_IRQHandler                         0x0800025b   Thumb Code     0  startup_stm32f407xx.o(.text)
    FMC_IRQHandler                           0x0800025b   Thumb Code     0  startup_stm32f407xx.o(.text)
    FPU_IRQHandler                           0x0800025b   Thumb Code     0  startup_stm32f407xx.o(.text)
    HASH_RNG_IRQHandler                      0x0800025b   Thumb Code     0  startup_stm32f407xx.o(.text)
    I2C1_ER_IRQHandler                       0x0800025b   Thumb Code     0  startup_stm32f407xx.o(.text)
    I2C1_EV_IRQHandler                       0x0800025b   Thumb Code     0  startup_stm32f407xx.o(.text)
    I2C2_ER_IRQHandler                       0x0800025b   Thumb Code     0  startup_stm32f407xx.o(.text)
    I2C2_EV_IRQHandler                       0x0800025b   Thumb Code     0  startup_stm32f407xx.o(.text)
    I2C3_ER_IRQHandler                       0x0800025b   Thumb Code     0  startup_stm32f407xx.o(.text)
    I2C3_EV_IRQHandler                       0x0800025b   Thumb Code     0  startup_stm32f407xx.o(.text)
    OTG_FS_IRQHandler                        0x0800025b   Thumb Code     0  startup_stm32f407xx.o(.text)
    OTG_FS_WKUP_IRQHandler                   0x0800025b   Thumb Code     0  startup_stm32f407xx.o(.text)
    OTG_HS_EP1_IN_IRQHandler                 0x0800025b   Thumb Code     0  startup_stm32f407xx.o(.text)
    OTG_HS_EP1_OUT_IRQHandler                0x0800025b   Thumb Code     0  startup_stm32f407xx.o(.text)
    OTG_HS_IRQHandler                        0x0800025b   Thumb Code     0  startup_stm32f407xx.o(.text)
    OTG_HS_WKUP_IRQHandler                   0x0800025b   Thumb Code     0  startup_stm32f407xx.o(.text)
    PVD_IRQHandler                           0x0800025b   Thumb Code     0  startup_stm32f407xx.o(.text)
    RCC_IRQHandler                           0x0800025b   Thumb Code     0  startup_stm32f407xx.o(.text)
    RTC_Alarm_IRQHandler                     0x0800025b   Thumb Code     0  startup_stm32f407xx.o(.text)
    RTC_WKUP_IRQHandler                      0x0800025b   Thumb Code     0  startup_stm32f407xx.o(.text)
    SDIO_IRQHandler                          0x0800025b   Thumb Code     0  startup_stm32f407xx.o(.text)
    SPI1_IRQHandler                          0x0800025b   Thumb Code     0  startup_stm32f407xx.o(.text)
    SPI2_IRQHandler                          0x0800025b   Thumb Code     0  startup_stm32f407xx.o(.text)
    SPI3_IRQHandler                          0x0800025b   Thumb Code     0  startup_stm32f407xx.o(.text)
    TAMP_STAMP_IRQHandler                    0x0800025b   Thumb Code     0  startup_stm32f407xx.o(.text)
    TIM1_BRK_TIM9_IRQHandler                 0x0800025b   Thumb Code     0  startup_stm32f407xx.o(.text)
    TIM1_CC_IRQHandler                       0x0800025b   Thumb Code     0  startup_stm32f407xx.o(.text)
    TIM1_TRG_COM_TIM11_IRQHandler            0x0800025b   Thumb Code     0  startup_stm32f407xx.o(.text)
    TIM1_UP_TIM10_IRQHandler                 0x0800025b   Thumb Code     0  startup_stm32f407xx.o(.text)
    TIM2_IRQHandler                          0x0800025b   Thumb Code     0  startup_stm32f407xx.o(.text)
    TIM3_IRQHandler                          0x0800025b   Thumb Code     0  startup_stm32f407xx.o(.text)
    TIM4_IRQHandler                          0x0800025b   Thumb Code     0  startup_stm32f407xx.o(.text)
    TIM5_IRQHandler                          0x0800025b   Thumb Code     0  startup_stm32f407xx.o(.text)
    TIM6_DAC_IRQHandler                      0x0800025b   Thumb Code     0  startup_stm32f407xx.o(.text)
    TIM7_IRQHandler                          0x0800025b   Thumb Code     0  startup_stm32f407xx.o(.text)
    TIM8_BRK_TIM12_IRQHandler                0x0800025b   Thumb Code     0  startup_stm32f407xx.o(.text)
    TIM8_CC_IRQHandler                       0x0800025b   Thumb Code     0  startup_stm32f407xx.o(.text)
    TIM8_TRG_COM_TIM14_IRQHandler            0x0800025b   Thumb Code     0  startup_stm32f407xx.o(.text)
    TIM8_UP_TIM13_IRQHandler                 0x0800025b   Thumb Code     0  startup_stm32f407xx.o(.text)
    UART4_IRQHandler                         0x0800025b   Thumb Code     0  startup_stm32f407xx.o(.text)
    UART5_IRQHandler                         0x0800025b   Thumb Code     0  startup_stm32f407xx.o(.text)
    USART1_IRQHandler                        0x0800025b   Thumb Code     0  startup_stm32f407xx.o(.text)
    USART2_IRQHandler                        0x0800025b   Thumb Code     0  startup_stm32f407xx.o(.text)
    USART3_IRQHandler                        0x0800025b   Thumb Code     0  startup_stm32f407xx.o(.text)
    USART6_IRQHandler                        0x0800025b   Thumb Code     0  startup_stm32f407xx.o(.text)
    WWDG_IRQHandler                          0x0800025b   Thumb Code     0  startup_stm32f407xx.o(.text)
    __user_initial_stackheap                 0x0800025d   Thumb Code     0  startup_stm32f407xx.o(.text)
    __2printf                                0x08000281   Thumb Code    20  noretval__2printf.o(.text)
    __printf                                 0x08000299   Thumb Code   104  __printf.o(.text)
    _printf_int_dec                          0x08000301   Thumb Code   104  _printf_dec.o(.text)
    putc                                     0x08000379   Thumb Code     4  putc.o(.text)
    strcmp                                   0x0800037d   Thumb Code   128  strcmpv7m.o(.text)
    __use_two_region_memory                  0x080003fd   Thumb Code     2  heapauxi.o(.text)
    __rt_heap_escrow                         0x080003ff   Thumb Code     2  heapauxi.o(.text)
    __rt_heap_expand                         0x08000401   Thumb Code     2  heapauxi.o(.text)
    setjmp                                   0x08000403   Thumb Code    42  setjmp.o(.text)
    longjmp                                  0x0800042d   Thumb Code    56  setjmp.o(.text)
    _printf_int_common                       0x08000465   Thumb Code   178  _printf_intcommon.o(.text)
    _printf_char_file                        0x08000519   Thumb Code    32  _printf_char_file.o(.text)
    _initio                                  0x0800053d   Thumb Code   210  initio.o(.text)
    _terminateio                             0x0800060f   Thumb Code    56  initio.o(.text)
    free                                     0x08000675   Thumb Code    78  h1_free.o(.text)
    _printf_char_common                      0x080006cf   Thumb Code    32  _printf_char_common.o(.text)
    ferror                                   0x080006f5   Thumb Code     8  ferror.o(.text)
    __flsbuf                                 0x080006fd   Thumb Code   470  flsbuf.o(.text)
    __flsbuf_byte                            0x080006fd   Thumb Code     0  flsbuf.o(.text)
    __flsbuf_wide                            0x080006fd   Thumb Code     0  flsbuf.o(.text)
    setvbuf                                  0x080008d3   Thumb Code    70  setvbuf.o(.text)
    freopen                                  0x08000919   Thumb Code   158  fopen.o(.text)
    fopen                                    0x080009b7   Thumb Code    74  fopen.o(.text)
    _fclose_internal                         0x08000a05   Thumb Code    76  fclose.o(.text)
    fclose                                   0x08000a05   Thumb Code     0  fclose.o(.text)
    __rt_SIGRTRED                            0x08000a51   Thumb Code    14  defsig_rtred_outer.o(.text)
    __aeabi_memclr4                          0x08000a5f   Thumb Code     0  rt_memclr_w.o(.text)
    __aeabi_memclr8                          0x08000a5f   Thumb Code     0  rt_memclr_w.o(.text)
    __rt_memclr_w                            0x08000a5f   Thumb Code    78  rt_memclr_w.o(.text)
    _memset_w                                0x08000a63   Thumb Code     0  rt_memclr_w.o(.text)
    __user_setup_stackheap                   0x08000aad   Thumb Code    74  sys_stackheap_outer.o(.text)
    __rt_heap_descriptor                     0x08000af9   Thumb Code     8  rt_heap_descriptor_intlibspace.o(.text)
    __use_no_heap                            0x08000b01   Thumb Code     2  hguard.o(.text)
    __heap$guard                             0x08000b03   Thumb Code     2  hguard.o(.text)
    _terminate_user_alloc                    0x08000b05   Thumb Code     2  init_alloc.o(.text)
    _init_user_alloc                         0x08000b07   Thumb Code     2  init_alloc.o(.text)
    __Heap_Full                              0x08000b09   Thumb Code    34  init_alloc.o(.text)
    __Heap_Broken                            0x08000b2b   Thumb Code     6  init_alloc.o(.text)
    _init_alloc                              0x08000b31   Thumb Code    94  init_alloc.o(.text)
    malloc                                   0x08000b8f   Thumb Code    94  h1_alloc.o(.text)
    _fseek                                   0x08000bed   Thumb Code   242  fseek.o(.text)
    fseek                                    0x08000bed   Thumb Code     0  fseek.o(.text)
    _seterr                                  0x08000ce5   Thumb Code    20  stdio.o(.text)
    _writebuf                                0x08000cf9   Thumb Code    84  stdio.o(.text)
    _fflush                                  0x08000d4d   Thumb Code    70  stdio.o(.text)
    _deferredlazyseek                        0x08000d93   Thumb Code    60  stdio.o(.text)
    exit                                     0x08000dd5   Thumb Code    18  exit.o(.text)
    __sig_exit                               0x08000de7   Thumb Code    10  defsig_exit.o(.text)
    __rt_SIGRTRED_inner                      0x08000df1   Thumb Code    14  defsig_rtred_inner.o(.text)
    _sys_exit                                0x08000e25   Thumb Code     8  sys_exit.o(.text)
    __user_libspace                          0x08000e31   Thumb Code     8  libspace.o(.text)
    __user_perproc_libspace                  0x08000e31   Thumb Code     0  libspace.o(.text)
    __user_perthread_libspace                0x08000e31   Thumb Code     0  libspace.o(.text)
    __Heap_Initialize                        0x08000e39   Thumb Code    10  h1_init.o(.text)
    __Heap_DescSize                          0x08000e43   Thumb Code     4  h1_init.o(.text)
    __Heap_ProvideMemory                     0x08000e47   Thumb Code    52  h1_extend.o(.text)
    _ftell_internal                          0x08000e7b   Thumb Code    66  ftell.o(.text)
    ftell                                    0x08000e7b   Thumb Code     0  ftell.o(.text)
    __default_signal_display                 0x08000ebd   Thumb Code    50  defsig_general.o(.text)
    __rt_SIGRTMEM                            0x08000eef   Thumb Code    14  defsig_rtmem_outer.o(.text)
    _ttywrch                                 0x08000efd   Thumb Code    14  sys_wrch.o(.text)
    __I$use$semihosting                      0x08000f0b   Thumb Code     0  use_no_semi.o(.text)
    __use_no_semihosting_swi                 0x08000f0b   Thumb Code     2  use_no_semi.o(.text)
    __aeabi_errno_addr                       0x08000f0d   Thumb Code     8  rt_errno_addr_intlibspace.o(.text)
    __errno$intlibspace                      0x08000f0d   Thumb Code     0  rt_errno_addr_intlibspace.o(.text)
    __rt_errno_addr$intlibspace              0x08000f0d   Thumb Code     0  rt_errno_addr_intlibspace.o(.text)
    __semihosting_library_function           0x08000f0d   Thumb Code     0  indicate_semi.o(.text)
    __rt_SIGRTMEM_inner                      0x08000f15   Thumb Code    22  defsig_rtmem_inner.o(.text)
    GPIOInit                                 0x08000f65   Thumb Code   314  gpio_driver.o(i.GPIOInit)
    ITM_SendChar                             0x080010b5   Thumb Code    42  retarget_io.o(i.ITM_SendChar)
    SystemInit                               0x080010e5   Thumb Code    82  system_stm32f4xx.o(i.SystemInit)
    UnityAssertEqualNumber                   0x0800119d   Thumb Code    96  unity.o(i.UnityAssertEqualNumber)
    UnityBegin                               0x08001209   Thumb Code    28  unity.o(i.UnityBegin)
    UnityConcludeTest                        0x08001229   Thumb Code    72  unity.o(i.UnityConcludeTest)
    UnityEnd                                 0x0800127d   Thumb Code   108  unity.o(i.UnityEnd)
    UnityPrint                               0x08001309   Thumb Code   116  unity.o(i.UnityPrint)
    UnityPrintNumber                         0x08001381   Thumb Code    28  unity.o(i.UnityPrintNumber)
    UnityPrintNumberByStyle                  0x080013a1   Thumb Code    66  unity.o(i.UnityPrintNumberByStyle)
    UnityPrintNumberHex                      0x080013e9   Thumb Code    70  unity.o(i.UnityPrintNumberHex)
    UnityPrintNumberUnsigned                 0x08001435   Thumb Code    62  unity.o(i.UnityPrintNumberUnsigned)
    UnityTestRunWithAddressArgument          0x080014e1   Thumb Code    72  unity.o(i.UnityTestRunWithAddressArgument)
    _sys_close                               0x0800152d   Thumb Code    38  retarget_io.o(i._sys_close)
    _sys_flen                                0x08001553   Thumb Code    36  retarget_io.o(i._sys_flen)
    _sys_istty                               0x08001577   Thumb Code    36  retarget_io.o(i._sys_istty)
    _sys_open                                0x0800159d   Thumb Code    80  retarget_io.o(i._sys_open)
    _sys_seek                                0x08001605   Thumb Code    44  retarget_io.o(i._sys_seek)
    _sys_write                               0x08001631   Thumb Code    88  retarget_io.o(i._sys_write)
    fputc                                    0x08001689   Thumb Code    26  fputc.o(i.fputc)
    main                                     0x080016a3   Thumb Code     8  main.o(i.main)
    readRegister                             0x080016ab   Thumb Code     6  ut_utilities.o(i.readRegister)
    runAllTest                               0x080016b1   Thumb Code    68  ut_main.o(i.runAllTest)
    setUp                                    0x08001739   Thumb Code     2  ut_main.o(i.setUp)
    tc_GPIOInit                              0x08001755   Thumb Code   276  ut_gpio_driver.o(i.tc_GPIOInit)
    tearDown                                 0x0800186d   Thumb Code     2  ut_main.o(i.tearDown)
    ut_GPIOInitAF_1                          0x0800186f   Thumb Code    26  ut_gpio_driver.o(i.ut_GPIOInitAF_1)
    ut_GPIOInitAF_10                         0x08001889   Thumb Code    28  ut_gpio_driver.o(i.ut_GPIOInitAF_10)
    ut_GPIOInitAF_11                         0x080018a5   Thumb Code    30  ut_gpio_driver.o(i.ut_GPIOInitAF_11)
    ut_GPIOInitAF_2                          0x080018c3   Thumb Code    26  ut_gpio_driver.o(i.ut_GPIOInitAF_2)
    ut_GPIOInitAF_3                          0x080018dd   Thumb Code    28  ut_gpio_driver.o(i.ut_GPIOInitAF_3)
    ut_GPIOInitAF_4                          0x080018f9   Thumb Code    30  ut_gpio_driver.o(i.ut_GPIOInitAF_4)
    ut_GPIOInitAF_5                          0x08001917   Thumb Code    30  ut_gpio_driver.o(i.ut_GPIOInitAF_5)
    ut_GPIOInitAF_6                          0x08001935   Thumb Code    28  ut_gpio_driver.o(i.ut_GPIOInitAF_6)
    ut_GPIOInitAF_7                          0x08001951   Thumb Code    30  ut_gpio_driver.o(i.ut_GPIOInitAF_7)
    ut_GPIOInitAF_8                          0x0800196f   Thumb Code    30  ut_gpio_driver.o(i.ut_GPIOInitAF_8)
    ut_GPIOInitAF_9                          0x0800198d   Thumb Code    30  ut_gpio_driver.o(i.ut_GPIOInitAF_9)
    ut_GPIOInitNoAF_0                        0x080019ab   Thumb Code    26  ut_gpio_driver.o(i.ut_GPIOInitNoAF_0)
    ut_GPIOInitNoAF_1                        0x080019c5   Thumb Code    26  ut_gpio_driver.o(i.ut_GPIOInitNoAF_1)
    ut_GPIOInitNoAF_2                        0x080019df   Thumb Code    26  ut_gpio_driver.o(i.ut_GPIOInitNoAF_2)
    ut_GPIOInitNoAF_3                        0x080019f9   Thumb Code    28  ut_gpio_driver.o(i.ut_GPIOInitNoAF_3)
    _fp_init                                 0x08001a15   Thumb Code    10  fpinit.o(x$fpl$fpinit)
    __fplib_config_fpu_vfp                   0x08001a1d   Thumb Code     0  fpinit.o(x$fpl$fpinit)
    __fplib_config_pureend_doubles           0x08001a1d   Thumb Code     0  fpinit.o(x$fpl$fpinit)
    UnityStrErrFloat                         0x08001b6f   Data          30  unity.o(.constdata)
    UnityStrErrDouble                        0x08001b8d   Data          32  unity.o(.constdata)
    UnityStrErr64                            0x08001bad   Data          30  unity.o(.constdata)
    __stdin_name                             0x08001c28   Data           7  retarget_io.o(.constdata)
    __stdout_name                            0x08001c2f   Data           8  retarget_io.o(.constdata)
    __stderr_name                            0x08001c37   Data           8  retarget_io.o(.constdata)
    Region$$Table$$Base                      0x08001c40   Number         0  anon$$obj.o(Region$$Table)
    Region$$Table$$Limit                     0x08001c60   Number         0  anon$$obj.o(Region$$Table)
    stm32f4Port                              0x20000000   Data          12  ut_main.o(.data)
    f                                        0x2000000c   Data          60  ut_gpio_driver.o(.data)
    numberOfTestcase                         0x20000048   Data           1  ut_gpio_driver.o(.data)
    __aeabi_stdin                            0x2000004c   Data           4  stdio_streams.o(.data)
    __aeabi_stdout                           0x20000050   Data           4  stdio_streams.o(.data)
    __aeabi_stderr                           0x20000054   Data           4  stdio_streams.o(.data)
    Unity                                    0x20000058   Data         200  unity.o(.bss)
    __stdin                                  0x20000120   Data          84  stdio_streams.o(.bss)
    __stdout                                 0x20000174   Data          84  stdio_streams.o(.bss)
    __stderr                                 0x200001c8   Data          84  stdio_streams.o(.bss)
    __libspace_start                         0x2000021c   Data          96  libspace.o(.bss)
    __temporary_stack_top$libspace           0x2000027c   Data           0  libspace.o(.bss)



==============================================================================

Memory Map of the image

  Image Entry point : 0x08000241

  Load Region LR_1 (Base: 0x08000000, Size: 0x00001cb8, Max: 0xffffffff, ABSOLUTE)

    Execution Region ER_RO (Base: 0x08000000, Size: 0x00001c60, Max: 0xffffffff, ABSOLUTE)

    Base Addr    Size         Type   Attr      Idx    E Section Name        Object

    0x08000000   0x00000188   Data   RO          719    RESET               startup_stm32f407xx.o
    0x08000188   0x00000008   Code   RO          808  * !!!main             c_w.l(__main.o)
    0x08000190   0x00000034   Code   RO         1148    !!!scatter          c_w.l(__scatter.o)
    0x080001c4   0x0000001a   Code   RO         1150    !!handler_copy      c_w.l(__scatter_copy.o)
    0x080001de   0x00000002   PAD
    0x080001e0   0x0000001c   Code   RO         1152    !!handler_zi        c_w.l(__scatter_zi.o)
    0x080001fc   0x00000000   Code   RO          795    .ARM.Collect$$_printf_percent$$00000000  c_w.l(_printf_percent.o)
    0x080001fc   0x00000006   Code   RO          794    .ARM.Collect$$_printf_percent$$00000009  c_w.l(_printf_d.o)
    0x08000202   0x00000004   Code   RO          817    .ARM.Collect$$_printf_percent$$00000017  c_w.l(_printf_percent_end.o)
    0x08000206   0x00000002   Code   RO         1049    .ARM.Collect$$libinit$$00000000  c_w.l(libinit.o)
    0x08000208   0x00000004   Code   RO          926    .ARM.Collect$$libinit$$00000001  c_w.l(libinit2.o)
    0x0800020c   0x00000000   Code   RO          929    .ARM.Collect$$libinit$$00000004  c_w.l(libinit2.o)
    0x0800020c   0x00000008   Code   RO          930    .ARM.Collect$$libinit$$00000005  c_w.l(libinit2.o)
    0x08000214   0x00000000   Code   RO          932    .ARM.Collect$$libinit$$0000000A  c_w.l(libinit2.o)
    0x08000214   0x00000000   Code   RO          934    .ARM.Collect$$libinit$$0000000C  c_w.l(libinit2.o)
    0x08000214   0x00000000   Code   RO          936    .ARM.Collect$$libinit$$0000000E  c_w.l(libinit2.o)
    0x08000214   0x00000000   Code   RO          939    .ARM.Collect$$libinit$$00000011  c_w.l(libinit2.o)
    0x08000214   0x00000000   Code   RO          941    .ARM.Collect$$libinit$$00000013  c_w.l(libinit2.o)
    0x08000214   0x00000000   Code   RO          943    .ARM.Collect$$libinit$$00000015  c_w.l(libinit2.o)
    0x08000214   0x00000000   Code   RO          945    .ARM.Collect$$libinit$$00000017  c_w.l(libinit2.o)
    0x08000214   0x00000000   Code   RO          947    .ARM.Collect$$libinit$$00000019  c_w.l(libinit2.o)
    0x08000214   0x00000000   Code   RO          949    .ARM.Collect$$libinit$$0000001B  c_w.l(libinit2.o)
    0x08000214   0x00000000   Code   RO          951    .ARM.Collect$$libinit$$0000001D  c_w.l(libinit2.o)
    0x08000214   0x00000000   Code   RO          953    .ARM.Collect$$libinit$$0000001F  c_w.l(libinit2.o)
    0x08000214   0x00000000   Code   RO          955    .ARM.Collect$$libinit$$00000021  c_w.l(libinit2.o)
    0x08000214   0x00000000   Code   RO          957    .ARM.Collect$$libinit$$00000023  c_w.l(libinit2.o)
    0x08000214   0x00000004   Code   RO          958    .ARM.Collect$$libinit$$00000024  c_w.l(libinit2.o)
    0x08000218   0x00000000   Code   RO          959    .ARM.Collect$$libinit$$00000025  c_w.l(libinit2.o)
    0x08000218   0x00000000   Code   RO          963    .ARM.Collect$$libinit$$0000002C  c_w.l(libinit2.o)
    0x08000218   0x00000000   Code   RO          965    .ARM.Collect$$libinit$$0000002E  c_w.l(libinit2.o)
    0x08000218   0x00000000   Code   RO          967    .ARM.Collect$$libinit$$00000030  c_w.l(libinit2.o)
    0x08000218   0x00000000   Code   RO          969    .ARM.Collect$$libinit$$00000032  c_w.l(libinit2.o)
    0x08000218   0x00000002   Code   RO          970    .ARM.Collect$$libinit$$00000033  c_w.l(libinit2.o)
    0x0800021a   0x00000002   Code   RO         1145    .ARM.Collect$$libshutdown$$00000000  c_w.l(libshutdown.o)
    0x0800021c   0x00000000   Code   RO          972    .ARM.Collect$$libshutdown$$00000002  c_w.l(libshutdown2.o)
    0x0800021c   0x00000004   Code   RO          973    .ARM.Collect$$libshutdown$$00000003  c_w.l(libshutdown2.o)
    0x08000220   0x00000000   Code   RO          974    .ARM.Collect$$libshutdown$$00000004  c_w.l(libshutdown2.o)
    0x08000220   0x00000000   Code   RO          977    .ARM.Collect$$libshutdown$$00000007  c_w.l(libshutdown2.o)
    0x08000220   0x00000000   Code   RO          980    .ARM.Collect$$libshutdown$$0000000A  c_w.l(libshutdown2.o)
    0x08000220   0x00000000   Code   RO          982    .ARM.Collect$$libshutdown$$0000000C  c_w.l(libshutdown2.o)
    0x08000220   0x00000000   Code   RO          985    .ARM.Collect$$libshutdown$$0000000F  c_w.l(libshutdown2.o)
    0x08000220   0x00000002   Code   RO          986    .ARM.Collect$$libshutdown$$00000010  c_w.l(libshutdown2.o)
    0x08000222   0x00000000   Code   RO          812    .ARM.Collect$$rtentry$$00000000  c_w.l(__rtentry.o)
    0x08000222   0x00000000   Code   RO          831    .ARM.Collect$$rtentry$$00000002  c_w.l(__rtentry2.o)
    0x08000222   0x00000006   Code   RO          843    .ARM.Collect$$rtentry$$00000004  c_w.l(__rtentry4.o)
    0x08000228   0x00000000   Code   RO          833    .ARM.Collect$$rtentry$$00000009  c_w.l(__rtentry2.o)
    0x08000228   0x00000004   Code   RO          834    .ARM.Collect$$rtentry$$0000000A  c_w.l(__rtentry2.o)
    0x0800022c   0x00000000   Code   RO          836    .ARM.Collect$$rtentry$$0000000C  c_w.l(__rtentry2.o)
    0x0800022c   0x00000008   Code   RO          837    .ARM.Collect$$rtentry$$0000000D  c_w.l(__rtentry2.o)
    0x08000234   0x00000002   Code   RO         1057    .ARM.Collect$$rtexit$$00000000  c_w.l(rtexit.o)
    0x08000236   0x00000000   Code   RO         1106    .ARM.Collect$$rtexit$$00000002  c_w.l(rtexit2.o)
    0x08000236   0x00000004   Code   RO         1107    .ARM.Collect$$rtexit$$00000003  c_w.l(rtexit2.o)
    0x0800023a   0x00000006   Code   RO         1108    .ARM.Collect$$rtexit$$00000004  c_w.l(rtexit2.o)
    0x08000240   0x00000000   Code   RO         1059    .emb_text           c_w.l(maybetermalloc1.o)
    0x08000240   0x00000040   Code   RO          720  * .text               startup_stm32f407xx.o
    0x08000280   0x00000018   Code   RO          768    .text               c_w.l(noretval__2printf.o)
    0x08000298   0x00000068   Code   RO          770    .text               c_w.l(__printf.o)
    0x08000300   0x00000078   Code   RO          772    .text               c_w.l(_printf_dec.o)
    0x08000378   0x00000004   Code   RO          796    .text               c_w.l(putc.o)
    0x0800037c   0x00000080   Code   RO          804    .text               c_w.l(strcmpv7m.o)
    0x080003fc   0x00000006   Code   RO          806    .text               c_w.l(heapauxi.o)
    0x08000402   0x00000062   Code   RO          810    .text               fz_wm.l(setjmp.o)
    0x08000464   0x000000b2   Code   RO          813    .text               c_w.l(_printf_intcommon.o)
    0x08000516   0x00000002   PAD
    0x08000518   0x00000024   Code   RO          815    .text               c_w.l(_printf_char_file.o)
    0x0800053c   0x00000138   Code   RO          822    .text               c_w.l(initio.o)
    0x08000674   0x0000004e   Code   RO          847    .text               c_w.l(h1_free.o)
    0x080006c2   0x00000002   PAD
    0x080006c4   0x00000030   Code   RO          901    .text               c_w.l(_printf_char_common.o)
    0x080006f4   0x00000008   Code   RO          903    .text               c_w.l(ferror.o)
    0x080006fc   0x000001d6   Code   RO          905    .text               c_w.l(flsbuf.o)
    0x080008d2   0x00000046   Code   RO          907    .text               c_w.l(setvbuf.o)
    0x08000918   0x000000ec   Code   RO          910    .text               c_w.l(fopen.o)
    0x08000a04   0x0000004c   Code   RO          912    .text               c_w.l(fclose.o)
    0x08000a50   0x0000000e   Code   RO          920    .text               c_w.l(defsig_rtred_outer.o)
    0x08000a5e   0x0000004e   Code   RO          924    .text               c_w.l(rt_memclr_w.o)
    0x08000aac   0x0000004a   Code   RO          989    .text               c_w.l(sys_stackheap_outer.o)
    0x08000af6   0x00000002   PAD
    0x08000af8   0x00000008   Code   RO          996    .text               c_w.l(rt_heap_descriptor_intlibspace.o)
    0x08000b00   0x00000004   Code   RO          998    .text               c_w.l(hguard.o)
    0x08000b04   0x0000008a   Code   RO         1000    .text               c_w.l(init_alloc.o)
    0x08000b8e   0x0000005e   Code   RO         1006    .text               c_w.l(h1_alloc.o)
    0x08000bec   0x000000f8   Code   RO         1024    .text               c_w.l(fseek.o)
    0x08000ce4   0x000000f0   Code   RO         1026    .text               c_w.l(stdio.o)
    0x08000dd4   0x00000012   Code   RO         1032    .text               c_w.l(exit.o)
    0x08000de6   0x0000000a   Code   RO         1034    .text               c_w.l(defsig_exit.o)
    0x08000df0   0x00000034   Code   RO         1036    .text               c_w.l(defsig_rtred_inner.o)
    0x08000e24   0x0000000c   Code   RO         1052    .text               c_w.l(sys_exit.o)
    0x08000e30   0x00000008   Code   RO         1054    .text               c_w.l(libspace.o)
    0x08000e38   0x0000000e   Code   RO         1061    .text               c_w.l(h1_init.o)
    0x08000e46   0x00000034   Code   RO         1063    .text               c_w.l(h1_extend.o)
    0x08000e7a   0x00000042   Code   RO         1073    .text               c_w.l(ftell.o)
    0x08000ebc   0x00000032   Code   RO         1081    .text               c_w.l(defsig_general.o)
    0x08000eee   0x0000000e   Code   RO         1083    .text               c_w.l(defsig_rtmem_outer.o)
    0x08000efc   0x0000000e   Code   RO         1098    .text               c_w.l(sys_wrch.o)
    0x08000f0a   0x00000002   Code   RO         1102    .text               c_w.l(use_no_semi.o)
    0x08000f0c   0x00000000   Code   RO         1104    .text               c_w.l(indicate_semi.o)
    0x08000f0c   0x00000008   Code   RO         1115    .text               c_w.l(rt_errno_addr_intlibspace.o)
    0x08000f14   0x00000050   Code   RO         1121    .text               c_w.l(defsig_rtmem_inner.o)
    0x08000f64   0x00000150   Code   RO            4    i.GPIOInit          gpio_driver.o
    0x080010b4   0x00000030   Code   RO          620    i.ITM_SendChar      retarget_io.o
    0x080010e4   0x00000064   Code   RO          728    i.SystemInit        system_stm32f4xx.o
    0x08001148   0x00000054   Code   RO          220    i.UnityAddMsgIfSpecified  unity.o
    0x0800119c   0x0000006c   Code   RO          225    i.UnityAssertEqualNumber  unity.o
    0x08001208   0x00000020   Code   RO          233    i.UnityBegin        unity.o
    0x08001228   0x00000054   Code   RO          234    i.UnityConcludeTest  unity.o
    0x0800127c   0x0000008c   Code   RO          236    i.UnityEnd          unity.o
    0x08001308   0x00000078   Code   RO          243    i.UnityPrint        unity.o
    0x08001380   0x00000020   Code   RO          249    i.UnityPrintNumber  unity.o
    0x080013a0   0x00000048   Code   RO          250    i.UnityPrintNumberByStyle  unity.o
    0x080013e8   0x0000004c   Code   RO          251    i.UnityPrintNumberHex  unity.o
    0x08001434   0x00000044   Code   RO          252    i.UnityPrintNumberUnsigned  unity.o
    0x08001478   0x0000003c   Code   RO          253    i.UnityTestResultsBegin  unity.o
    0x080014b4   0x0000002c   Code   RO          254    i.UnityTestResultsFailBegin  unity.o
    0x080014e0   0x0000004c   Code   RO          255    i.UnityTestRunWithAddressArgument  unity.o
    0x0800152c   0x00000026   Code   RO          621    i._sys_close        retarget_io.o
    0x08001552   0x00000024   Code   RO          622    i._sys_flen         retarget_io.o
    0x08001576   0x00000024   Code   RO          623    i._sys_istty        retarget_io.o
    0x0800159a   0x00000002   PAD
    0x0800159c   0x00000068   Code   RO          624    i._sys_open         retarget_io.o
    0x08001604   0x0000002c   Code   RO          626    i._sys_seek         retarget_io.o
    0x08001630   0x00000058   Code   RO          627    i._sys_write        retarget_io.o
    0x08001688   0x0000001a   Code   RO          819    i.fputc             c_w.l(fputc.o)
    0x080016a2   0x00000008   Code   RO           90    i.main              main.o
    0x080016aa   0x00000006   Code   RO          205    i.readRegister      ut_utilities.o
    0x080016b0   0x00000088   Code   RO          149    i.runAllTest        ut_main.o
    0x08001738   0x00000002   Code   RO          150    i.setUp             ut_main.o
    0x0800173a   0x0000000c   Code   RO          628    i.stderr_putchar    retarget_io.o
    0x08001746   0x0000000c   Code   RO          630    i.stdout_putchar    retarget_io.o
    0x08001752   0x00000002   PAD
    0x08001754   0x00000118   Code   RO          466    i.tc_GPIOInit       ut_gpio_driver.o
    0x0800186c   0x00000002   Code   RO          151    i.tearDown          ut_main.o
    0x0800186e   0x0000001a   Code   RO          469    i.ut_GPIOInitAF_1   ut_gpio_driver.o
    0x08001888   0x0000001c   Code   RO          470    i.ut_GPIOInitAF_10  ut_gpio_driver.o
    0x080018a4   0x0000001e   Code   RO          471    i.ut_GPIOInitAF_11  ut_gpio_driver.o
    0x080018c2   0x0000001a   Code   RO          476    i.ut_GPIOInitAF_2   ut_gpio_driver.o
    0x080018dc   0x0000001c   Code   RO          477    i.ut_GPIOInitAF_3   ut_gpio_driver.o
    0x080018f8   0x0000001e   Code   RO          478    i.ut_GPIOInitAF_4   ut_gpio_driver.o
    0x08001916   0x0000001e   Code   RO          479    i.ut_GPIOInitAF_5   ut_gpio_driver.o
    0x08001934   0x0000001c   Code   RO          480    i.ut_GPIOInitAF_6   ut_gpio_driver.o
    0x08001950   0x0000001e   Code   RO          481    i.ut_GPIOInitAF_7   ut_gpio_driver.o
    0x0800196e   0x0000001e   Code   RO          482    i.ut_GPIOInitAF_8   ut_gpio_driver.o
    0x0800198c   0x0000001e   Code   RO          483    i.ut_GPIOInitAF_9   ut_gpio_driver.o
    0x080019aa   0x0000001a   Code   RO          484    i.ut_GPIOInitNoAF_0  ut_gpio_driver.o
    0x080019c4   0x0000001a   Code   RO          485    i.ut_GPIOInitNoAF_1  ut_gpio_driver.o
    0x080019de   0x0000001a   Code   RO          486    i.ut_GPIOInitNoAF_2  ut_gpio_driver.o
    0x080019f8   0x0000001c   Code   RO          487    i.ut_GPIOInitNoAF_3  ut_gpio_driver.o
    0x08001a14   0x0000000a   Code   RO         1050    x$fpl$fpinit        fz_wm.l(fpinit.o)
    0x08001a1e   0x00000002   PAD
    0x08001a20   0x00000208   Data   RO          259    .constdata          unity.o
    0x08001c28   0x00000017   Data   RO          631    .constdata          retarget_io.o
    0x08001c3f   0x00000001   PAD
    0x08001c40   0x00000020   Data   RO         1146    Region$$Table       anon$$obj.o


    Execution Region ER_RW (Base: 0x20000000, Size: 0x00000058, Max: 0xffffffff, ABSOLUTE)

    Base Addr    Size         Type   Attr      Idx    E Section Name        Object

    0x20000000   0x0000000c   Data   RW          152    .data               ut_main.o
    0x2000000c   0x0000003d   Data   RW          488    .data               ut_gpio_driver.o
    0x20000049   0x00000003   PAD
    0x2000004c   0x00000004   Data   RW          801    .data               c_w.l(stdio_streams.o)
    0x20000050   0x00000004   Data   RW          802    .data               c_w.l(stdio_streams.o)
    0x20000054   0x00000004   Data   RW          803    .data               c_w.l(stdio_streams.o)


    Execution Region ER_ZI (Base: 0x20000058, Size: 0x00000828, Max: 0xffffffff, ABSOLUTE)

    Base Addr    Size         Type   Attr      Idx    E Section Name        Object

    0x20000058   0x000000c8   Zero   RW          258    .bss                unity.o
    0x20000120   0x00000054   Zero   RW          798    .bss                c_w.l(stdio_streams.o)
    0x20000174   0x00000054   Zero   RW          799    .bss                c_w.l(stdio_streams.o)
    0x200001c8   0x00000054   Zero   RW          800    .bss                c_w.l(stdio_streams.o)
    0x2000021c   0x00000060   Zero   RW         1055    .bss                c_w.l(libspace.o)
    0x2000027c   0x00000004   PAD
    0x20000280   0x00000200   Zero   RW          718    HEAP                startup_stm32f407xx.o
    0x20000480   0x00000400   Zero   RW          717    STACK               startup_stm32f407xx.o


==============================================================================

Image component sizes


      Code (inc. data)   RO Data    RW Data    ZI Data      Debug   Object Name

       336         22          0          0          0     196007   gpio_driver.o
         8          0          0          0          0       1046   main.o
       418         30         23          0          0       7434   retarget_io.o
        64         26        392          0       1536        888   startup_stm32f407xx.o
       100         18          0          0          0        549   system_stm32f4xx.o
       996        130        520          0        200      48687   unity.o
       702          4          0         61          0      10095   ut_gpio_driver.o
       140         68          0         12          0       2134   ut_main.o
         6          0          0          0          0        915   ut_utilities.o

    ----------------------------------------------------------------------
      2774        298        968         76       1736     267755   Object Totals
         0          0         32          0          0          0   (incl. Generated)
         4          0          1          3          0          0   (incl. Padding)

    ----------------------------------------------------------------------

      Code (inc. data)   RO Data    RW Data    ZI Data      Debug   Library Member Name

         8          0          0          0          0         68   __main.o
       104          0          0          0          0         84   __printf.o
         0          0          0          0          0          0   __rtentry.o
        12          0          0          0          0          0   __rtentry2.o
         6          0          0          0          0          0   __rtentry4.o
        52          8          0          0          0          0   __scatter.o
        26          0          0          0          0          0   __scatter_copy.o
        28          0          0          0          0          0   __scatter_zi.o
        48          6          0          0          0         96   _printf_char_common.o
        36          4          0          0          0         80   _printf_char_file.o
         6          0          0          0          0          0   _printf_d.o
       120         16          0          0          0         92   _printf_dec.o
       178          0          0          0          0         88   _printf_intcommon.o
         0          0          0          0          0          0   _printf_percent.o
         4          0          0          0          0          0   _printf_percent_end.o
        10          0          0          0          0         68   defsig_exit.o
        50          0          0          0          0         88   defsig_general.o
        80         58          0          0          0         76   defsig_rtmem_inner.o
        14          0          0          0          0         80   defsig_rtmem_outer.o
        52         38          0          0          0         76   defsig_rtred_inner.o
        14          0          0          0          0         80   defsig_rtred_outer.o
        18          0          0          0          0         80   exit.o
        76          0          0          0          0         88   fclose.o
         8          0          0          0          0         68   ferror.o
       470          0          0          0          0         88   flsbuf.o
       236          4          0          0          0        128   fopen.o
        26          0          0          0          0         68   fputc.o
       248          6          0          0          0         84   fseek.o
        66          0          0          0          0         76   ftell.o
        94          0          0          0          0         80   h1_alloc.o
        52          0          0          0          0         68   h1_extend.o
        78          0          0          0          0         80   h1_free.o
        14          0          0          0          0         84   h1_init.o
         6          0          0          0          0        152   heapauxi.o
         4          0          0          0          0        136   hguard.o
         0          0          0          0          0          0   indicate_semi.o
       138          0          0          0          0        168   init_alloc.o
       312         46          0          0          0        112   initio.o
         2          0          0          0          0          0   libinit.o
        18          0          0          0          0          0   libinit2.o
         2          0          0          0          0          0   libshutdown.o
         6          0          0          0          0          0   libshutdown2.o
         8          4          0          0         96         68   libspace.o
         0          0          0          0          0          0   maybetermalloc1.o
        24          4          0          0          0         84   noretval__2printf.o
         4          0          0          0          0         68   putc.o
         8          4          0          0          0         68   rt_errno_addr_intlibspace.o
         8          4          0          0          0         68   rt_heap_descriptor_intlibspace.o
        78          0          0          0          0         80   rt_memclr_w.o
         2          0          0          0          0          0   rtexit.o
        10          0          0          0          0          0   rtexit2.o
        70          0          0          0          0         80   setvbuf.o
       240          6          0          0          0        156   stdio.o
         0          0          0         12        252          0   stdio_streams.o
       128          0          0          0          0         68   strcmpv7m.o
        12          4          0          0          0         68   sys_exit.o
        74          0          0          0          0         80   sys_stackheap_outer.o
        14          0          0          0          0         76   sys_wrch.o
         2          0          0          0          0         68   use_no_semi.o
        10          0          0          0          0        116   fpinit.o
        98          0          0          0          0        144   setjmp.o

    ----------------------------------------------------------------------
      3522        212          0         12        352       3828   Library Totals
        10          0          0          0          4          0   (incl. Padding)

    ----------------------------------------------------------------------

      Code (inc. data)   RO Data    RW Data    ZI Data      Debug   Library Name

      3404        212          0         12        348       3568   c_w.l
       108          0          0          0          0        260   fz_wm.l

    ----------------------------------------------------------------------
      3522        212          0         12        352       3828   Library Totals

    ----------------------------------------------------------------------

==============================================================================


      Code (inc. data)   RO Data    RW Data    ZI Data      Debug   

      6296        510        968         88       2088     265507   Grand Totals
      6296        510        968         88       2088     265507   ELF Image Totals
      6296        510        968         88          0          0   ROM Totals

==============================================================================

    Total RO  Size (Code + RO Data)                 7264 (   7.09kB)
    Total RW  Size (RW Data + ZI Data)              2176 (   2.13kB)
    Total ROM Size (Code + RO Data + RW Data)       7352 (   7.18kB)

==============================================================================

